###############################################################################
#
# IAR ELF Linker V9.10.1.308/W64 for ARM                  08/Dec/2021  11:17:13
# Copyright 2007-2021 IAR Systems AB.
#
#    Output file  =
#        C:\Users\Axelsson\Desktop\ProjectGr19\Debug\Exe\ProjectGr19.out
#    Map file     =
#        C:\Users\Axelsson\Desktop\ProjectGr19\Debug\List\ProjectGr19.map
#    Command line =
#        -f C:\Users\Axelsson\Desktop\ProjectGr19\Debug\Exe\ProjectGr19.out.rsp
#        (C:\Users\Axelsson\Desktop\ProjectGr19\Debug\Obj\commonFuncs.o
#        C:\Users\Axelsson\Desktop\ProjectGr19\Debug\Obj\cstartup.o
#        C:\Users\Axelsson\Desktop\ProjectGr19\Debug\Obj\exceptions.o
#        C:\Users\Axelsson\Desktop\ProjectGr19\Debug\Obj\main.o
#        C:\Users\Axelsson\Desktop\ProjectGr19\Debug\Obj\startup_sam3x.o
#        C:\Users\Axelsson\Desktop\ProjectGr19\Debug\Obj\system_sam3x.o
#        --no_out_extension -o
#        C:\Users\Axelsson\Desktop\ProjectGr19\Debug\Exe\ProjectGr19.out
#        --redirect _Printf=_PrintfFullNoMb --redirect _Scanf=_ScanfFullNoMb
#        --map C:\Users\Axelsson\Desktop\ProjectGr19\Debug\List\ProjectGr19.map
#        --config "C:\Program Files\IAR Systems\Embedded Workbench
#        9.0\arm\config\linker\Microchip\sam3x8\sram.icf" --semihosting --entry
#        __iar_program_start --vfe --text_out locale)
#
###############################################################################

*******************************************************************************
*** RUNTIME MODEL ATTRIBUTES
***

CppFlavor       = *
__Heap_Handler  = Basic
__SystemLibrary = DLib
__dlib_version  = 6


*******************************************************************************
*** HEAP SELECTION
***

The basic heap was selected because some modules are built with
size limitations (and not runtime checking), and --advanced_heap
was not specified.


*******************************************************************************
*** PLACEMENT SUMMARY
***

"A0":  place at address 0x2007'0000 { ro section .intvec };
"P1":  place in [from 0x2007'0000 to 0x2008'7fff] { ro };
define block CSTACK with size = 4K, alignment = 8 { };
define block HEAP with size = 8K, alignment = 8 { };
"P2":  place in [from 0x2007'0000 to 0x2008'7fff] {
          rw, block CSTACK, block HEAP };
initialize by copy with packing = copy, complex ranges { rw };

  Section            Kind         Address    Size  Object
  -------            ----         -------    ----  ------
"A0":                                        0xf4
  .intvec                     0x2007'0000    0xf4  <Block>
    .intvec          const    0x2007'0000    0xf4  startup_sam3x.o [1]
                            - 0x2007'00f4    0xf4

"P1-P2", part 1 of 3:                      0x3f9c
  .text              ro code  0x2007'00f4  0x178c  main.o [1]
  .text              ro code  0x2007'1880    0x26  FltToS32.o [3]
  .text              ro code  0x2007'18a6    0x2a  copy_init3.o [4]
  .text              ro code  0x2007'18d0    0xd8  FltMul.o [3]
  .text              ro code  0x2007'19a8    0x24  S32ToFlt.o [3]
  .text              ro code  0x2007'19cc   0x118  FltDiv.o [3]
  .text              ro code  0x2007'1ae4    0x48  FltToDbl.o [3]
  .text              ro code  0x2007'1b2c   0x25e  DblAddSub.o [3]
  .text              ro code  0x2007'1d8a     0x2  exceptions.o [1]
  .text              ro code  0x2007'1d8c    0x68  DblToFlt.o [3]
  .text              ro code  0x2007'1df4   0x162  FltAddSub.o [3]
  .text              ro code  0x2007'1f56     0x4  heaptramp0.o [2]
  .text              ro code  0x2007'1f5c   0x13c  heap0.o [2]
  .text              ro code  0x2007'2098    0x28  printf.o [2]
  .text              ro code  0x2007'20c0    0x28  FltCmpLe.o [3]
  .text              ro code  0x2007'20e8    0xb8  system_sam3x.o [1]
  .text              ro code  0x2007'21a0    0x1c  U32ToDbl.o [3]
  .text              ro code  0x2007'21bc   0x1aa  DblMul.o [3]
  .text              ro code  0x2007'2368    0x22  DblToU32.o [3]
  .text              ro code  0x2007'238c    0x2c  xgetmemchunk.o [2]
  .text              ro code  0x2007'23b8   0xf16  xprintffull_nomb.o [2]
  .text              ro code  0x2007'32d0    0x16  strchr.o [4]
  .text              ro code  0x2007'32e8    0x40  xfail_s.o [2]
  .text              ro code  0x2007'3328    0x36  strlen.o [4]
  .text              ro code  0x2007'3360    0x58  memchr.o [4]
  .text              ro code  0x2007'33b8    0xa6  ABImemcpy.o [4]
  .text              ro code  0x2007'3460    0x70  frexp.o [3]
  .text              ro code  0x2007'34d0    0x34  DblCmpLe.o [3]
  .text              ro code  0x2007'3504    0x34  DblCmpGe.o [3]
  .text              ro code  0x2007'3538   0x13a  ldexp.o [3]
  .text              ro code  0x2007'3674    0x36  DblToS32.o [3]
  .text              ro code  0x2007'36ac    0x22  S32ToDbl.o [3]
  .text              ro code  0x2007'36d0   0x246  DblDiv.o [3]
  .text              ro code  0x2007'3918   0x230  I64DivMod.o [4]
  .text              ro code  0x2007'3b48     0x6  abort.o [2]
  .text              ro code  0x2007'3b50     0x2  I64DivZer.o [4]
  .text              ro code  0x2007'3b54    0x14  exit.o [5]
  .text              ro code  0x2007'3b68    0x7c  iarttio.o [5]
  .text              ro code  0x2007'3be4     0x8  XShttio.o [2]
  .text              ro code  0x2007'3bec    0x38  zero_init3.o [4]
  .text              ro code  0x2007'3c24    0x34  startup_sam3x.o [1]
  .text              ro code  0x2007'3c58     0xc  cstartup.o [1]
  .text              ro code  0x2007'3c64    0x1e  cmain.o [4]
  .text              ro code  0x2007'3c84    0x28  data_init.o [4]
  .text              ro code  0x2007'3cac     0x4  exit.o [2]
  .text              ro code  0x2007'3cb0     0xa  cexit.o [4]
  .text              ro code  0x2007'3cba    0x22  iarwrite.o [5]
  .iar.init_table    const    0x2007'3cdc    0x24  - Linker created -
  .rodata            const    0x2007'3d00    0x20  main.o [1]
  .rodata            const    0x2007'3d20    0x20  main.o [1]
  .text              ro code  0x2007'3d40    0x20  putchar.o [2]
  .text              ro code  0x2007'3d60    0x10  write.o [5]
  .text              ro code  0x2007'3d70    0x1e  dwrite.o [5]
  .text              ro code  0x2007'3d8e    0x20  iarwstd.o [5]
  .rodata            const    0x2007'3db0    0x1c  main.o [1]
  .rodata            const    0x2007'3dcc    0x1c  main.o [1]
  .rodata            const    0x2007'3de8    0x1c  main.o [1]
  .rodata            const    0x2007'3e04    0x1c  main.o [1]
  .rodata            const    0x2007'3e20    0x1c  main.o [1]
  .rodata            const    0x2007'3e3c    0x1c  main.o [1]
  .rodata            const    0x2007'3e58    0x1c  main.o [1]
  .rodata            const    0x2007'3e74    0x1c  main.o [1]
  .rodata            const    0x2007'3e90    0x1c  main.o [1]
  .rodata            const    0x2007'3eac    0x1c  main.o [1]
  .rodata            const    0x2007'3ec8    0x18  main.o [1]
  .rodata            const    0x2007'3ee0    0x18  main.o [1]
  .rodata            const    0x2007'3ef8    0x18  main.o [1]
  .rodata            const    0x2007'3f10    0x18  main.o [1]
  .rodata            const    0x2007'3f28    0x18  main.o [1]
  .text              ro code  0x2007'3f40    0x16  xprout.o [2]
  .rodata            const    0x2007'3f58    0x14  main.o [1]
  .rodata            const    0x2007'3f6c    0x14  main.o [1]
  .rodata            const    0x2007'3f80    0x14  main.o [1]
  .rodata            const    0x2007'3f94    0x14  main.o [1]
  .rodata            const    0x2007'3fa8    0x14  main.o [1]
  .rodata            const    0x2007'3fbc    0x14  main.o [1]
  .rodata            const    0x2007'3fd0    0x14  main.o [1]
  .rodata            const    0x2007'3fe4    0x14  main.o [1]
  .rodata            const    0x2007'3ff8    0x10  main.o [1]
  .rodata            const    0x2007'4008     0xc  main.o [1]
  .rodata            const    0x2007'4014     0xc  main.o [1]
  .rodata            const    0x2007'4020     0xc  main.o [1]
  .rodata            const    0x2007'402c     0x8  main.o [1]
  .rodata            const    0x2007'4034     0x4  main.o [1]
  .rodata            const    0x2007'4038     0x0  zero_init3.o [4]
  .rodata            const    0x2007'4038     0x0  copy_init3.o [4]
  P1-P2 s0                    0x2007'4038    0x2c  <Init block>
    .data            inited   0x2007'4038     0x8  XShttio.o [2]
    .data            inited   0x2007'4040     0x4  main.o [1]
    .data            inited   0x2007'4044     0x4  main.o [1]
    .data            inited   0x2007'4048     0x4  main.o [1]
    .data            inited   0x2007'404c     0x4  main.o [1]
    .data            inited   0x2007'4050     0x4  main.o [1]
    .data            inited   0x2007'4054     0x4  main.o [1]
    .data            inited   0x2007'4058     0x4  main.o [1]
    .data            inited   0x2007'405c     0x4  main.o [1]
    .data            inited   0x2007'4060     0x4  system_sam3x.o [1]
  Initializer bytes  const    0x2007'4064    0x2c  <for P1-P2 s0>
                            - 0x2007'4090  0x3f9c

"P1-P2", part 2 of 3:                        0x90
  .bss               zero     0x2007'4090     0x8  main.o [1]
  .bss               zero     0x2007'4098     0x8  main.o [1]
  .bss               zero     0x2007'40a0     0x8  heap0.o [2]
  .bss               zero     0x2007'40a8     0x4  main.o [1]
  .bss               zero     0x2007'40ac     0x4  main.o [1]
  .bss               zero     0x2007'40b0     0x4  main.o [1]
  .bss               zero     0x2007'40b4     0x4  main.o [1]
  .bss               zero     0x2007'40b8     0x4  main.o [1]
  .bss               zero     0x2007'40bc     0x4  main.o [1]
  .bss               zero     0x2007'40c0     0x4  main.o [1]
  .bss               zero     0x2007'40c4     0x4  main.o [1]
  .bss               zero     0x2007'40c8     0x4  main.o [1]
  .bss               zero     0x2007'40cc     0x4  main.o [1]
  .bss               zero     0x2007'40d0     0x4  main.o [1]
  .bss               zero     0x2007'40d4     0x4  main.o [1]
  .bss               zero     0x2007'40d8     0x4  main.o [1]
  .bss               zero     0x2007'40dc     0x4  main.o [1]
  .bss               zero     0x2007'40e0     0x4  main.o [1]
  .bss               zero     0x2007'40e4     0x4  main.o [1]
  .bss               zero     0x2007'40e8     0x4  main.o [1]
  .bss               zero     0x2007'40ec     0x4  main.o [1]
  .bss               zero     0x2007'40f0     0x4  main.o [1]
  .bss               zero     0x2007'40f4     0x4  main.o [1]
  .bss               zero     0x2007'40f8     0x4  main.o [1]
  .bss               zero     0x2007'40fc     0x4  main.o [1]
  .bss               zero     0x2007'4100     0x4  main.o [1]
  .bss               zero     0x2007'4104     0x4  main.o [1]
  .bss               zero     0x2007'4108     0x4  main.o [1]
  .bss               zero     0x2007'410c     0x4  main.o [1]
  .bss               zero     0x2007'4110     0x4  main.o [1]
  .bss               zero     0x2007'4114     0x4  main.o [1]
  .bss               zero     0x2007'4118     0x4  xgetmemchunk.o [2]
  .bss               zero     0x2007'411c     0x4  xfail_s.o [2]
                            - 0x2007'4120    0x90

"P1-P2", part 3 of 3:                      0x3000
  CSTACK                      0x2007'4120  0x1000  <Block>
    CSTACK           uninit   0x2007'4120  0x1000  <Block tail>
  HEAP                        0x2007'5120  0x2000  <Block>
    HEAP             uninit   0x2007'5120  0x2000  <Block tail>
                            - 0x2007'7120  0x3000

Unused ranges:

         From           To      Size
         ----           --      ----
  0x2007'7120  0x2008'7fff  0x1'0ee0


*******************************************************************************
*** INIT TABLE
***

          Address      Size
          -------      ----
Zero (__iar_zero_init3)
    1 destination range, total size 0x90:
          0x2007'4090  0x90

Copy (__iar_copy_init3)
    1 source range, total size 0x2c:
          0x2007'4064  0x2c
    1 destination range, total size 0x2c:
          0x2007'4038  0x2c



*******************************************************************************
*** MODULE SUMMARY
***

    Module              ro code  ro data  rw data
    ------              -------  -------  -------
command line/config:
    ---------------------------------------------
    Total:

C:\Users\Axelsson\Desktop\ProjectGr19\Debug\Obj: [1]
    cstartup.o               12
    exceptions.o              2
    main.o                6'028      720      160
    startup_sam3x.o          52      244
    system_sam3x.o          184        4        4
    ---------------------------------------------
    Total:                6'278      968      164

dl7M_tln.a: [2]
    XShttio.o                 8        8        8
    abort.o                   6
    exit.o                    4
    heap0.o                 316                 8
    heaptramp0.o              4
    printf.o                 40
    putchar.o                32
    xfail_s.o                64                 4
    xgetmemchunk.o           44                 4
    xprintffull_nomb.o    3'862
    xprout.o                 22
    ---------------------------------------------
    Total:                4'402        8       24

m7M_tl.a: [3]
    DblAddSub.o             606
    DblCmpGe.o               52
    DblCmpLe.o               52
    DblDiv.o                582
    DblMul.o                426
    DblToFlt.o              104
    DblToS32.o               54
    DblToU32.o               34
    FltAddSub.o             354
    FltCmpLe.o               40
    FltDiv.o                280
    FltMul.o                216
    FltToDbl.o               72
    FltToS32.o               38
    S32ToDbl.o               34
    S32ToFlt.o               36
    U32ToDbl.o               28
    frexp.o                 112
    ldexp.o                 314
    ---------------------------------------------
    Total:                3'434

rt7M_tl.a: [4]
    ABImemcpy.o             166
    I64DivMod.o             560
    I64DivZer.o               2
    cexit.o                  10
    cmain.o                  30
    copy_init3.o             42
    data_init.o              40
    memchr.o                 88
    strchr.o                 22
    strlen.o                 54
    zero_init3.o             56
    ---------------------------------------------
    Total:                1'070

shb_l.a: [5]
    dwrite.o                 30
    exit.o                   20
    iarttio.o               124
    iarwrite.o               34
    iarwstd.o                32
    write.o                  16
    ---------------------------------------------
    Total:                  256

    Gaps                     28        4
    Linker created                    36   12'288
-------------------------------------------------
    Grand Total:         15'468    1'016   12'476


*******************************************************************************
*** ENTRY LIST
***

Entry                       Address   Size  Type      Object
-----                       -------   ----  ----      ------
.iar.init_table$$Base   0x2007'3cdc          --   Gb  - Linker created -
.iar.init_table$$Limit  0x2007'3d00          --   Gb  - Linker created -
.intvec$$Base           0x2007'0000          --   Gb  - Linker created -
.intvec$$Limit          0x2007'00f4          --   Gb  - Linker created -
?main                   0x2007'3c65         Code  Gb  cmain.o [4]
ADC_Handler             0x2007'0c4d   0x36  Code  Gb  main.o [1]
Aldata                  0x2007'40a0    0x8  Data  Lc  heap0.o [2]
BusFault_Handler        0x2007'1d8b    0x2  Code  Wk  exceptions.o [1]
CAN0_Handler            0x2007'1d8b    0x2  Code  Wk  exceptions.o [1]
CAN1_Handler            0x2007'1d8b    0x2  Code  Wk  exceptions.o [1]
CSTACK$$Base            0x2007'4120          --   Gb  - Linker created -
CSTACK$$Limit           0x2007'5120          --   Gb  - Linker created -
DACC_Handler            0x2007'1d8b    0x2  Code  Wk  exceptions.o [1]
DMAC_Handler            0x2007'1d8b    0x2  Code  Wk  exceptions.o [1]
DebugMon_Handler        0x2007'1d8b    0x2  Code  Wk  exceptions.o [1]
Dummy_Handler           0x2007'1d8b    0x2  Code  Gb  exceptions.o [1]
EFC0_Handler            0x2007'1d8b    0x2  Code  Wk  exceptions.o [1]
EFC1_Handler            0x2007'1d8b    0x2  Code  Wk  exceptions.o [1]
HEAP$$Base              0x2007'5120          --   Gb  - Linker created -
HEAP$$Limit             0x2007'7120          --   Gb  - Linker created -
HSMCI_Handler           0x2007'1d8b    0x2  Code  Wk  exceptions.o [1]
HardFault_Handler       0x2007'1d8b    0x2  Code  Wk  exceptions.o [1]
MemManage_Handler       0x2007'1d8b    0x2  Code  Wk  exceptions.o [1]
NMI_Handler             0x2007'1d8b    0x2  Code  Wk  exceptions.o [1]
NVIC_ClearPendingIRQ    0x2007'010b   0x16  Code  Lc  main.o [1]
NVIC_EnableIRQ          0x2007'00f5   0x16  Code  Lc  main.o [1]
NVIC_SetPriority        0x2007'0121   0x28  Code  Lc  main.o [1]
PIOA_Handler            0x2007'1d8b    0x2  Code  Wk  exceptions.o [1]
PIOB_Handler            0x2007'1d8b    0x2  Code  Wk  exceptions.o [1]
PIOC_Handler            0x2007'1d8b    0x2  Code  Wk  exceptions.o [1]
PIOD_Handler            0x2007'1d8b    0x2  Code  Wk  exceptions.o [1]
PMC_Handler             0x2007'1d8b    0x2  Code  Wk  exceptions.o [1]
PWM_Handler             0x2007'1d8b    0x2  Code  Wk  exceptions.o [1]
PendSV_Handler          0x2007'1d8b    0x2  Code  Wk  exceptions.o [1]
RSTC_Handler            0x2007'1d8b    0x2  Code  Wk  exceptions.o [1]
RTC_Handler             0x2007'1d8b    0x2  Code  Wk  exceptions.o [1]
RTT_Handler             0x2007'1d8b    0x2  Code  Wk  exceptions.o [1]
Read_Status_Display     0x2007'018f   0x84  Code  Gb  main.o [1]
Region$$Table$$Base     0x2007'3cdc          --   Gb  - Linker created -
Region$$Table$$Limit    0x2007'3d00          --   Gb  - Linker created -
Reset_Handler           0x2007'3c51    0x8  Code  Gb  startup_sam3x.o [1]
SPI0_Handler            0x2007'1d8b    0x2  Code  Wk  exceptions.o [1]
SSC_Handler             0x2007'1d8b    0x2  Code  Wk  exceptions.o [1]
SUPC_Handler            0x2007'1d8b    0x2  Code  Wk  exceptions.o [1]
SVC_Handler             0x2007'1d8b    0x2  Code  Wk  exceptions.o [1]
SysTick_Config          0x2007'0149   0x36  Code  Lc  main.o [1]
SysTick_Handler         0x2007'16ad   0x8c  Code  Gb  main.o [1]
SystemCoreClock         0x2007'4060    0x4  Data  Gb  system_sam3x.o [1]
SystemInit              0x2007'20e9   0x86  Code  Gb  system_sam3x.o [1]
TC0_Handler             0x2007'0bd1   0x18  Code  Gb  main.o [1]
TC1_Handler             0x2007'1d8b    0x2  Code  Wk  exceptions.o [1]
TC2_Handler             0x2007'1d8b    0x2  Code  Wk  exceptions.o [1]
TC3_Handler             0x2007'1d8b    0x2  Code  Wk  exceptions.o [1]
TC4_Handler             0x2007'1d8b    0x2  Code  Wk  exceptions.o [1]
TC5_Handler             0x2007'1d8b    0x2  Code  Wk  exceptions.o [1]
TRNG_Handler            0x2007'1d8b    0x2  Code  Wk  exceptions.o [1]
TWI0_Handler            0x2007'1d8b    0x2  Code  Wk  exceptions.o [1]
TWI1_Handler            0x2007'1d8b    0x2  Code  Wk  exceptions.o [1]
UART_Handler            0x2007'1d8b    0x2  Code  Wk  exceptions.o [1]
UOTGHS_Handler          0x2007'1d8b    0x2  Code  Wk  exceptions.o [1]
USART0_Handler          0x2007'1d8b    0x2  Code  Wk  exceptions.o [1]
USART1_Handler          0x2007'1d8b    0x2  Code  Wk  exceptions.o [1]
USART2_Handler          0x2007'1d8b    0x2  Code  Wk  exceptions.o [1]
UsageFault_Handler      0x2007'1d8b    0x2  Code  Wk  exceptions.o [1]
WDT_Handler             0x2007'1d8b    0x2  Code  Wk  exceptions.o [1]
WeekTemprature          0x2007'40ec    0x4  Data  Gb  main.o [1]
Write_Command_2_Display
                        0x2007'0213   0xa0  Code  Gb  main.o [1]
Write_Data_2_Display    0x2007'02b3   0x94  Code  Gb  main.o [1]
_LitobFullNoMb          0x2007'30d5  0x10c  Code  Lc  xprintffull_nomb.o [2]
_PrintfFullNoMb         0x2007'23b9  0xcec  Code  Gb  xprintffull_nomb.o [2]
_Prout                  0x2007'3f41   0x16  Code  Gb  xprout.o [2]
_PutcharFullNoMb        0x2007'3239   0x20  Code  Lc  xprintffull_nomb.o [2]
_PutcharsFullNoMb       0x2007'3259   0x2e  Code  Lc  xprintffull_nomb.o [2]
__aeabi_cdcmple         0x2007'34d1         Code  Gb  DblCmpLe.o [3]
__aeabi_cdrcmple        0x2007'3505         Code  Gb  DblCmpGe.o [3]
__aeabi_cfcmple         0x2007'20c1         Code  Gb  FltCmpLe.o [3]
__aeabi_d2f             0x2007'1d8d         Code  Gb  DblToFlt.o [3]
__aeabi_d2iz            0x2007'3675         Code  Gb  DblToS32.o [3]
__aeabi_d2uiz           0x2007'2369         Code  Gb  DblToU32.o [3]
__aeabi_dadd            0x2007'1b2d         Code  Gb  DblAddSub.o [3]
__aeabi_ddiv            0x2007'36d1         Code  Gb  DblDiv.o [3]
__aeabi_dmul            0x2007'21bd         Code  Gb  DblMul.o [3]
__aeabi_dsub            0x2007'1ca9         Code  Gb  DblAddSub.o [3]
__aeabi_f2d             0x2007'1ae5         Code  Gb  FltToDbl.o [3]
__aeabi_f2iz            0x2007'1881         Code  Gb  FltToS32.o [3]
__aeabi_fadd            0x2007'1df5         Code  Gb  FltAddSub.o [3]
__aeabi_fdiv            0x2007'19cd         Code  Gb  FltDiv.o [3]
__aeabi_fmul            0x2007'18d1         Code  Gb  FltMul.o [3]
__aeabi_i2d             0x2007'36ad         Code  Gb  S32ToDbl.o [3]
__aeabi_i2f             0x2007'19a9         Code  Gb  S32ToFlt.o [3]
__aeabi_ldiv0           0x2007'3b51         Code  Gb  I64DivZer.o [4]
__aeabi_memcpy          0x2007'33b9         Code  Gb  ABImemcpy.o [4]
__aeabi_memcpy4         0x2007'33d9         Code  Gb  ABImemcpy.o [4]
__aeabi_memcpy8         0x2007'33d9         Code  Gb  ABImemcpy.o [4]
__aeabi_ui2d            0x2007'21a1         Code  Gb  U32ToDbl.o [3]
__aeabi_uldivmod        0x2007'3919         Code  Gb  I64DivMod.o [4]
__basic_free            0x2007'2009   0x16  Code  Gb  heap0.o [2]
__basic_free_intern     0x2007'201f   0x74  Code  Lc  heap0.o [2]
__basic_malloc          0x2007'1f5d   0x18  Code  Gb  heap0.o [2]
__basic_malloc_intern   0x2007'1f75   0x94  Code  Lc  heap0.o [2]
__cmain                 0x2007'3c65         Code  Gb  cmain.o [4]
__data_GetMemChunk      0x2007'238d   0x2c  Code  Gb  xgetmemchunk.o [2]
__data_GetMemChunk::start
                        0x2007'4118    0x4  Data  Lc  xgetmemchunk.o [2]
__dwrite                0x2007'3d71   0x1e  Code  Gb  dwrite.o [5]
__exit                  0x2007'3b55   0x14  Code  Gb  exit.o [5]
__iar_Fail_s            0x2007'32e9   0x1c  Code  Gb  xfail_s.o [2]
__iar_Memchr            0x2007'3361         Code  Gb  memchr.o [4]
__iar_Strchr            0x2007'32d1         Code  Gb  strchr.o [4]
__iar_close_ttio        0x2007'3b69   0x2c  Code  Gb  iarttio.o [5]
__iar_copy_init3        0x2007'18a7   0x2a  Code  Gb  copy_init3.o [4]
__iar_data_init3        0x2007'3c85   0x28  Code  Gb  data_init.o [4]
__iar_frexp             0x2007'346d         Code  Gb  frexp.o [3]
__iar_frexp64           0x2007'3461         Code  Gb  frexp.o [3]
__iar_frexpl            0x2007'346d         Code  Gb  frexp.o [3]
__iar_get_ttio          0x2007'3b95   0x4c  Code  Gb  iarttio.o [5]
__iar_ldexp64           0x2007'3539         Code  Gb  ldexp.o [3]
__iar_lookup_ttioh      0x2007'3be5    0x8  Code  Gb  XShttio.o [2]
__iar_program_start     0x2007'3c59         Code  Gb  cstartup.o [1]
__iar_scalbln64         0x2007'3539         Code  Gb  ldexp.o [3]
__iar_scalbn64          0x2007'3539         Code  Gb  ldexp.o [3]
__iar_sh_stdout         0x2007'3d8f   0x20  Code  Gb  iarwstd.o [5]
__iar_sh_write          0x2007'3cbb   0x22  Code  Gb  iarwrite.o [5]
__iar_ttio_handles      0x2007'4038    0x8  Data  Lc  XShttio.o [2]
__iar_zero_init3        0x2007'3bed   0x38  Code  Gb  zero_init3.o [4]
__low_level_init        0x2007'3c25   0x24  Code  Gb  startup_sam3x.o [1]
__vector_table          0x2007'0000   0xf4  Data  Gb  startup_sam3x.o [1]
__write                 0x2007'3d61   0x10  Code  Gb  write.o [5]
_call_main              0x2007'3c71         Code  Gb  cmain.o [4]
_exit                   0x2007'3cb1         Code  Gb  cexit.o [4]
abort                   0x2007'3b49    0x6  Code  Gb  abort.o [2]
avg                     0x2007'40d8    0x4  Data  Gb  main.o [1]
bus                     0x2007'4058    0x4  Data  Gb  main.o [1]
buttonUp                0x2007'09e5   0x42  Code  Gb  main.o [1]
calcDate                0x2007'0e07   0xfe  Code  Gb  main.o [1]
calcTemp                0x2007'0bf9   0x46  Code  Gb  main.o [1]
calcTime                0x2007'10f9   0x14  Code  Gb  main.o [1]
checkLeap               0x2007'0dcb   0x3c  Code  Gb  main.o [1]
checkTemp               0x2007'40c0    0x4  Data  Gb  main.o [1]
clearBack               0x2007'0633   0x10  Code  Gb  main.o [1]
clearDisplay            0x2007'04c5   0x2e  Code  Gb  main.o [1]
dateFlag                0x2007'40c8    0x4  Data  Gb  main.o [1]
dateSet                 0x2007'4090    0x8  Data  Gb  main.o [1]
day                     0x2007'4108    0x4  Data  Gb  main.o [1]
delay                   0x2007'0181    0xe  Code  Gb  main.o [1]
dispGraphics            0x2007'0347   0x6e  Code  Gb  main.o [1]
exit                    0x2007'3cad    0x4  Code  Gb  exit.o [2]
flag                    0x2007'40c4    0x4  Data  Gb  main.o [1]
flag1                   0x2007'4100    0x4  Data  Gb  main.o [1]
flag2                   0x2007'4104    0x4  Data  Gb  main.o [1]
flagTime                0x2007'40b0    0x4  Data  Gb  main.o [1]
free                    0x2007'1f57    0x4  Code  Gb  heaptramp0.o [2]
freeMemory              0x2007'1581   0x18  Code  Gb  main.o [1]
frexp                   0x2007'3461         Code  Gb  frexp.o [3]
frexpl                  0x2007'3461         Code  Gb  frexp.o [3]
initDisplay             0x2007'03b5  0x110  Code  Gb  main.o [1]
initEverything          0x2007'17a1   0x3e  Code  Gb  main.o [1]
initKeypad              0x2007'07ef   0xae  Code  Gb  main.o [1]
initTemprature          0x2007'0a6d   0x64  Code  Gb  main.o [1]
insertLast              0x2007'153b   0x28  Code  Gb  main.o [1]
isPressed               0x2007'40f8    0x4  Data  Gb  main.o [1]
keyStatus               0x2007'40a8    0x4  Data  Gb  main.o [1]
keypad                  0x2007'08b7  0x12e  Code  Gb  main.o [1]
ldexp                   0x2007'3539         Code  Gb  ldexp.o [3]
ldexpl                  0x2007'3539         Code  Gb  ldexp.o [3]
listTemprature          0x2007'40e8    0x4  Data  Gb  main.o [1]
main                    0x2007'1739   0x62  Code  Gb  main.o [1]
maxStamp                0x2007'40e4    0x4  Data  Gb  main.o [1]
maxTemp                 0x2007'40dc    0x4  Data  Gb  main.o [1]
maxTempFlag             0x2007'4050    0x4  Data  Gb  main.o [1]
measureFlag             0x2007'4044    0x4  Data  Gb  main.o [1]
measureFunc             0x2007'13e9   0x40  Code  Gb  main.o [1]
memchr                  0x2007'3361         Code  Gb  memchr.o [4]
minStamp                0x2007'40e0    0x4  Data  Gb  main.o [1]
minTemp                 0x2007'4048    0x4  Data  Gb  main.o [1]
minTempFlag             0x2007'404c    0x4  Data  Gb  main.o [1]
month                   0x2007'410c    0x4  Data  Gb  main.o [1]
oldMinute               0x2007'4114    0x4  Data  Gb  main.o [1]
printBack               0x2007'0623   0x10  Code  Gb  main.o [1]
printChar               0x2007'050b   0x12  Code  Gb  main.o [1]
printData               0x2007'0643   0xa6  Code  Gb  main.o [1]
printDataFlag           0x2007'40ac    0x4  Data  Gb  main.o [1]
printDate               0x2007'0f15   0xe8  Code  Gb  main.o [1]
printDateMenu           0x2007'05d7   0x20  Code  Gb  main.o [1]
printKey                0x2007'06e9  0x106  Code  Gb  main.o [1]
printPos                0x2007'0543   0x24  Code  Gb  main.o [1]
printPosChar            0x2007'051d   0x26  Code  Gb  main.o [1]
printStartMenu          0x2007'0567   0x50  Code  Gb  main.o [1]
printString             0x2007'04f3   0x18  Code  Gb  main.o [1]
printTempMenu           0x2007'05f7   0x2c  Code  Gb  main.o [1]
printTemprature         0x2007'0b03   0x72  Code  Gb  main.o [1]
printTime               0x2007'1121  0x100  Code  Gb  main.o [1]
printTimeMenu           0x2007'05b7   0x20  Code  Gb  main.o [1]
printf                  0x2007'2099   0x28  Code  Gb  printf.o [2]
putchar                 0x2007'3d41   0x20  Code  Gb  putchar.o [2]
readInput               0x2007'0cad   0x6a  Code  Gb  main.o [1]
readSensor              0x2007'1599   0x76  Code  Gb  main.o [1]
readTime                0x2007'1099   0x4c  Code  Gb  main.o [1]
readyDate               0x2007'4040    0x4  Data  Gb  main.o [1]
reset                   0x2007'166d    0xe  Code  Gb  main.o [1]
resetDel                0x2007'40f0    0x4  Data  Gb  main.o [1]
resetTemprature         0x2007'0ad1   0x32  Code  Gb  main.o [1]
saveDay                 0x2007'1621   0x46  Code  Gb  main.o [1]
scalbln                 0x2007'3539         Code  Gb  ldexp.o [3]
scalblnl                0x2007'3539         Code  Gb  ldexp.o [3]
scalbn                  0x2007'3539         Code  Gb  ldexp.o [3]
scalbnl                 0x2007'3539         Code  Gb  ldexp.o [3]
scale                   0x2007'31e1   0x46  Code  Lc  xprintffull_nomb.o [2]
sec                     0x2007'40cc    0x4  Data  Gb  main.o [1]
sec_hand                0x2007'411c    0x4  Data  Lc  xfail_s.o [2]
size                    0x2007'40b4    0x4  Data  Gb  main.o [1]
startData               0x2007'143d   0xe2  Code  Gb  main.o [1]
startDate               0x2007'12b1   0x54  Code  Gb  main.o [1]
startMeasure            0x2007'136d   0x6a  Code  Gb  main.o [1]
startRow                0x2007'405c    0x4  Data  Gb  main.o [1]
startTime               0x2007'1305   0x58  Code  Gb  main.o [1]
strchr                  0x2007'32d1         Code  Gb  strchr.o [4]
strlen                  0x2007'3329         Code  Gb  strlen.o [4]
tFlag1                  0x2007'40f4    0x4  Data  Gb  main.o [1]
tFlag2                  0x2007'4054    0x4  Data  Gb  main.o [1]
tempMeasure             0x2007'0b81   0x4c  Code  Gb  main.o [1]
temprature              0x2007'40d0    0x4  Data  Gb  main.o [1]
timeSet                 0x2007'4098    0x8  Data  Gb  main.o [1]
timeStatus              0x2007'40bc    0x4  Data  Gb  main.o [1]
tmpKey                  0x2007'40fc    0x4  Data  Gb  main.o [1]
totTemp                 0x2007'40d4    0x4  Data  Gb  main.o [1]
validateDate            0x2007'0d61   0x6a  Code  Gb  main.o [1]
validateTime            0x2007'110d   0x14  Code  Gb  main.o [1]
wait                    0x2007'089d   0x1a  Code  Gb  main.o [1]
waitForBack             0x2007'1525   0x16  Code  Gb  main.o [1]
waitForDate             0x2007'1001   0x8e  Code  Gb  main.o [1]
waitForTime             0x2007'1221   0x88  Code  Gb  main.o [1]
weekInsertLast          0x2007'167d   0x24  Code  Gb  main.o [1]
weekSize                0x2007'40b8    0x4  Data  Gb  main.o [1]
writeTempWhenReady      0x2007'0a27   0x46  Code  Gb  main.o [1]
year                    0x2007'4110    0x4  Data  Gb  main.o [1]


[1] = C:\Users\Axelsson\Desktop\ProjectGr19\Debug\Obj
[2] = dl7M_tln.a
[3] = m7M_tl.a
[4] = rt7M_tl.a
[5] = shb_l.a

  15'468 bytes of readonly  code memory
   1'016 bytes of readonly  data memory
  12'476 bytes of readwrite data memory

Errors: none
Warnings: none
