###############################################################################
#
# IAR ELF Linker V9.10.1.308/W64 for ARM                  08/Dec/2021  16:39:19
# Copyright 2007-2021 IAR Systems AB.
#
#    Output file  =
#        C:\Users\Axelsson\Desktop\ProjectGr19\Debug\Exe\ProjectGr19.out
#    Map file     =
#        C:\Users\Axelsson\Desktop\ProjectGr19\Debug\List\ProjectGr19.map
#    Command line =
#        -f C:\Users\Axelsson\Desktop\ProjectGr19\Debug\Exe\ProjectGr19.out.rsp
#        (C:\Users\Axelsson\Desktop\ProjectGr19\Debug\Obj\commonFuncs.o
#        C:\Users\Axelsson\Desktop\ProjectGr19\Debug\Obj\cstartup.o
#        C:\Users\Axelsson\Desktop\ProjectGr19\Debug\Obj\exceptions.o
#        C:\Users\Axelsson\Desktop\ProjectGr19\Debug\Obj\main.o
#        C:\Users\Axelsson\Desktop\ProjectGr19\Debug\Obj\startup_sam3x.o
#        C:\Users\Axelsson\Desktop\ProjectGr19\Debug\Obj\system_sam3x.o
#        --no_out_extension -o
#        C:\Users\Axelsson\Desktop\ProjectGr19\Debug\Exe\ProjectGr19.out
#        --redirect _Printf=_PrintfFullNoMb --redirect _Scanf=_ScanfFullNoMb
#        --map C:\Users\Axelsson\Desktop\ProjectGr19\Debug\List\ProjectGr19.map
#        --config "C:\Program Files\IAR Systems\Embedded Workbench
#        9.0\arm\config\linker\Microchip\sam3x8\sram.icf" --semihosting --entry
#        __iar_program_start --vfe --text_out locale)
#
###############################################################################

*******************************************************************************
*** RUNTIME MODEL ATTRIBUTES
***

CppFlavor       = *
__Heap_Handler  = Basic
__SystemLibrary = DLib
__dlib_version  = 6


*******************************************************************************
*** HEAP SELECTION
***

The basic heap was selected because some modules are built with
size limitations (and not runtime checking), and --advanced_heap
was not specified.


*******************************************************************************
*** PLACEMENT SUMMARY
***

"A0":  place at address 0x2007'0000 { ro section .intvec };
"P1":  place in [from 0x2007'0000 to 0x2008'7fff] { ro };
define block CSTACK with size = 4K, alignment = 8 { };
define block HEAP with size = 8K, alignment = 8 { };
"P2":  place in [from 0x2007'0000 to 0x2008'7fff] {
          rw, block CSTACK, block HEAP };
initialize by copy with packing = copy, complex ranges { rw };

  Section            Kind         Address    Size  Object
  -------            ----         -------    ----  ------
"A0":                                        0xf4
  .intvec                     0x2007'0000    0xf4  <Block>
    .intvec          const    0x2007'0000    0xf4  startup_sam3x.o [1]
                            - 0x2007'00f4    0xf4

"P1-P2", part 1 of 3:                      0x419c
  .text              ro code  0x2007'00f4  0x1978  main.o [1]
  .text              ro code  0x2007'1a6c     0x4  heaptramp0.o [2]
  .text              ro code  0x2007'1a70   0x13c  heap0.o [2]
  .text              ro code  0x2007'1bac    0x28  printf.o [2]
  .text              ro code  0x2007'1bd4    0x28  FltCmpLe.o [3]
  .text              ro code  0x2007'1bfc    0x26  FltToS32.o [3]
  .text              ro code  0x2007'1c22    0x2a  copy_init3.o [4]
  .text              ro code  0x2007'1c4c    0xd8  FltMul.o [3]
  .text              ro code  0x2007'1d24    0x24  S32ToFlt.o [3]
  .text              ro code  0x2007'1d48   0x118  FltDiv.o [3]
  .text              ro code  0x2007'1e60    0x48  FltToDbl.o [3]
  .text              ro code  0x2007'1ea8   0x25e  DblAddSub.o [3]
  .text              ro code  0x2007'2106     0x2  exceptions.o [1]
  .text              ro code  0x2007'2108    0x68  DblToFlt.o [3]
  .text              ro code  0x2007'2170   0x162  FltAddSub.o [3]
  .text              ro code  0x2007'22d4    0xb8  system_sam3x.o [1]
  .text              ro code  0x2007'238c    0x1c  U32ToDbl.o [3]
  .text              ro code  0x2007'23a8   0x1aa  DblMul.o [3]
  .text              ro code  0x2007'2554    0x22  DblToU32.o [3]
  .text              ro code  0x2007'2578    0x2c  xgetmemchunk.o [2]
  .text              ro code  0x2007'25a4   0xf16  xprintffull_nomb.o [2]
  .text              ro code  0x2007'34bc    0x16  strchr.o [4]
  .text              ro code  0x2007'34d4    0x40  xfail_s.o [2]
  .text              ro code  0x2007'3514    0x36  strlen.o [4]
  .text              ro code  0x2007'354c    0x58  memchr.o [4]
  .text              ro code  0x2007'35a4    0xa6  ABImemcpy.o [4]
  .text              ro code  0x2007'364c    0x70  frexp.o [3]
  .text              ro code  0x2007'36bc    0x34  DblCmpLe.o [3]
  .text              ro code  0x2007'36f0    0x34  DblCmpGe.o [3]
  .text              ro code  0x2007'3724   0x13a  ldexp.o [3]
  .text              ro code  0x2007'3860    0x36  DblToS32.o [3]
  .text              ro code  0x2007'3898    0x22  S32ToDbl.o [3]
  .text              ro code  0x2007'38bc   0x246  DblDiv.o [3]
  .text              ro code  0x2007'3b04   0x230  I64DivMod.o [4]
  .text              ro code  0x2007'3d34     0x6  abort.o [2]
  .text              ro code  0x2007'3d3c     0x2  I64DivZer.o [4]
  .text              ro code  0x2007'3d40    0x14  exit.o [5]
  .text              ro code  0x2007'3d54    0x7c  iarttio.o [5]
  .text              ro code  0x2007'3dd0     0x8  XShttio.o [2]
  .text              ro code  0x2007'3dd8    0x38  zero_init3.o [4]
  .text              ro code  0x2007'3e10    0x34  startup_sam3x.o [1]
  .text              ro code  0x2007'3e44     0xc  cstartup.o [1]
  .text              ro code  0x2007'3e50    0x1e  cmain.o [4]
  .text              ro code  0x2007'3e70    0x28  data_init.o [4]
  .text              ro code  0x2007'3e98     0x4  exit.o [2]
  .text              ro code  0x2007'3e9c     0xa  cexit.o [4]
  .text              ro code  0x2007'3ea6    0x22  iarwrite.o [5]
  .iar.init_table    const    0x2007'3ec8    0x24  - Linker created -
  .rodata            const    0x2007'3eec    0x20  main.o [1]
  .rodata            const    0x2007'3f0c    0x20  main.o [1]
  .text              ro code  0x2007'3f2c    0x20  putchar.o [2]
  .text              ro code  0x2007'3f4c    0x10  write.o [5]
  .text              ro code  0x2007'3f5c    0x1e  dwrite.o [5]
  .text              ro code  0x2007'3f7a    0x20  iarwstd.o [5]
  .rodata            const    0x2007'3f9c    0x1c  main.o [1]
  .rodata            const    0x2007'3fb8    0x1c  main.o [1]
  .rodata            const    0x2007'3fd4    0x1c  main.o [1]
  .rodata            const    0x2007'3ff0    0x1c  main.o [1]
  .rodata            const    0x2007'400c    0x1c  main.o [1]
  .rodata            const    0x2007'4028    0x1c  main.o [1]
  .rodata            const    0x2007'4044    0x1c  main.o [1]
  .rodata            const    0x2007'4060    0x1c  main.o [1]
  .rodata            const    0x2007'407c    0x1c  main.o [1]
  .rodata            const    0x2007'4098    0x1c  main.o [1]
  .rodata            const    0x2007'40b4    0x18  main.o [1]
  .rodata            const    0x2007'40cc    0x18  main.o [1]
  .rodata            const    0x2007'40e4    0x18  main.o [1]
  .rodata            const    0x2007'40fc    0x18  main.o [1]
  .rodata            const    0x2007'4114    0x18  main.o [1]
  .text              ro code  0x2007'412c    0x16  xprout.o [2]
  .rodata            const    0x2007'4144    0x14  main.o [1]
  .rodata            const    0x2007'4158    0x14  main.o [1]
  .rodata            const    0x2007'416c    0x14  main.o [1]
  .rodata            const    0x2007'4180    0x14  main.o [1]
  .rodata            const    0x2007'4194    0x14  main.o [1]
  .rodata            const    0x2007'41a8    0x14  main.o [1]
  .rodata            const    0x2007'41bc    0x14  main.o [1]
  .rodata            const    0x2007'41d0    0x14  main.o [1]
  .rodata            const    0x2007'41e4    0x14  main.o [1]
  .rodata            const    0x2007'41f8    0x10  main.o [1]
  .rodata            const    0x2007'4208     0xc  main.o [1]
  .rodata            const    0x2007'4214     0xc  main.o [1]
  .rodata            const    0x2007'4220     0xc  main.o [1]
  .rodata            const    0x2007'422c     0x8  main.o [1]
  .rodata            const    0x2007'4234     0x4  main.o [1]
  .rodata            const    0x2007'4238     0x0  zero_init3.o [4]
  .rodata            const    0x2007'4238     0x0  copy_init3.o [4]
  P1-P2 s0                    0x2007'4238    0x2c  <Init block>
    .data            inited   0x2007'4238     0x8  XShttio.o [2]
    .data            inited   0x2007'4240     0x4  main.o [1]
    .data            inited   0x2007'4244     0x4  main.o [1]
    .data            inited   0x2007'4248     0x4  main.o [1]
    .data            inited   0x2007'424c     0x4  main.o [1]
    .data            inited   0x2007'4250     0x4  main.o [1]
    .data            inited   0x2007'4254     0x4  main.o [1]
    .data            inited   0x2007'4258     0x4  main.o [1]
    .data            inited   0x2007'425c     0x4  main.o [1]
    .data            inited   0x2007'4260     0x4  system_sam3x.o [1]
  Initializer bytes  const    0x2007'4264    0x2c  <for P1-P2 s0>
                            - 0x2007'4290  0x419c

"P1-P2", part 2 of 3:                        0x98
  .bss               zero     0x2007'4290     0x8  main.o [1]
  .bss               zero     0x2007'4298     0x8  main.o [1]
  .bss               zero     0x2007'42a0     0x8  heap0.o [2]
  .bss               zero     0x2007'42a8     0x4  main.o [1]
  .bss               zero     0x2007'42ac     0x4  main.o [1]
  .bss               zero     0x2007'42b0     0x4  main.o [1]
  .bss               zero     0x2007'42b4     0x4  main.o [1]
  .bss               zero     0x2007'42b8     0x4  main.o [1]
  .bss               zero     0x2007'42bc     0x4  main.o [1]
  .bss               zero     0x2007'42c0     0x4  main.o [1]
  .bss               zero     0x2007'42c4     0x4  main.o [1]
  .bss               zero     0x2007'42c8     0x4  main.o [1]
  .bss               zero     0x2007'42cc     0x4  main.o [1]
  .bss               zero     0x2007'42d0     0x4  main.o [1]
  .bss               zero     0x2007'42d4     0x4  main.o [1]
  .bss               zero     0x2007'42d8     0x4  main.o [1]
  .bss               zero     0x2007'42dc     0x4  main.o [1]
  .bss               zero     0x2007'42e0     0x4  main.o [1]
  .bss               zero     0x2007'42e4     0x4  main.o [1]
  .bss               zero     0x2007'42e8     0x4  main.o [1]
  .bss               zero     0x2007'42ec     0x4  main.o [1]
  .bss               zero     0x2007'42f0     0x4  main.o [1]
  .bss               zero     0x2007'42f4     0x4  main.o [1]
  .bss               zero     0x2007'42f8     0x4  main.o [1]
  .bss               zero     0x2007'42fc     0x4  main.o [1]
  .bss               zero     0x2007'4300     0x4  main.o [1]
  .bss               zero     0x2007'4304     0x4  main.o [1]
  .bss               zero     0x2007'4308     0x4  main.o [1]
  .bss               zero     0x2007'430c     0x4  main.o [1]
  .bss               zero     0x2007'4310     0x4  main.o [1]
  .bss               zero     0x2007'4314     0x4  main.o [1]
  .bss               zero     0x2007'4318     0x4  main.o [1]
  .bss               zero     0x2007'431c     0x4  main.o [1]
  .bss               zero     0x2007'4320     0x4  xgetmemchunk.o [2]
  .bss               zero     0x2007'4324     0x4  xfail_s.o [2]
                            - 0x2007'4328    0x98

"P1-P2", part 3 of 3:                      0x3000
  CSTACK                      0x2007'4328  0x1000  <Block>
    CSTACK           uninit   0x2007'4328  0x1000  <Block tail>
  HEAP                        0x2007'5328  0x2000  <Block>
    HEAP             uninit   0x2007'5328  0x2000  <Block tail>
                            - 0x2007'7328  0x3000

Unused ranges:

         From           To      Size
         ----           --      ----
  0x2007'7328  0x2008'7fff  0x1'0cd8


*******************************************************************************
*** INIT TABLE
***

          Address      Size
          -------      ----
Zero (__iar_zero_init3)
    1 destination range, total size 0x98:
          0x2007'4290  0x98

Copy (__iar_copy_init3)
    1 source range, total size 0x2c:
          0x2007'4264  0x2c
    1 destination range, total size 0x2c:
          0x2007'4238  0x2c



*******************************************************************************
*** MODULE SUMMARY
***

    Module              ro code  ro data  rw data
    ------              -------  -------  -------
command line/config:
    ---------------------------------------------
    Total:

C:\Users\Axelsson\Desktop\ProjectGr19\Debug\Obj: [1]
    cstartup.o               12
    exceptions.o              2
    main.o                6'520      740      168
    startup_sam3x.o          52      244
    system_sam3x.o          184        4        4
    ---------------------------------------------
    Total:                6'770      988      172

dl7M_tln.a: [2]
    XShttio.o                 8        8        8
    abort.o                   6
    exit.o                    4
    heap0.o                 316                 8
    heaptramp0.o              4
    printf.o                 40
    putchar.o                32
    xfail_s.o                64                 4
    xgetmemchunk.o           44                 4
    xprintffull_nomb.o    3'862
    xprout.o                 22
    ---------------------------------------------
    Total:                4'402        8       24

m7M_tl.a: [3]
    DblAddSub.o             606
    DblCmpGe.o               52
    DblCmpLe.o               52
    DblDiv.o                582
    DblMul.o                426
    DblToFlt.o              104
    DblToS32.o               54
    DblToU32.o               34
    FltAddSub.o             354
    FltCmpLe.o               40
    FltDiv.o                280
    FltMul.o                216
    FltToDbl.o               72
    FltToS32.o               38
    S32ToDbl.o               34
    S32ToFlt.o               36
    U32ToDbl.o               28
    frexp.o                 112
    ldexp.o                 314
    ---------------------------------------------
    Total:                3'434

rt7M_tl.a: [4]
    ABImemcpy.o             166
    I64DivMod.o             560
    I64DivZer.o               2
    cexit.o                  10
    cmain.o                  30
    copy_init3.o             42
    data_init.o              40
    memchr.o                 88
    strchr.o                 22
    strlen.o                 54
    zero_init3.o             56
    ---------------------------------------------
    Total:                1'070

shb_l.a: [5]
    dwrite.o                 30
    exit.o                   20
    iarttio.o               124
    iarwrite.o               34
    iarwstd.o                32
    write.o                  16
    ---------------------------------------------
    Total:                  256

    Gaps                     28        4
    Linker created                    36   12'288
-------------------------------------------------
    Grand Total:         15'960    1'036   12'484


*******************************************************************************
*** ENTRY LIST
***

Entry                       Address   Size  Type      Object
-----                       -------   ----  ----      ------
.iar.init_table$$Base   0x2007'3ec8          --   Gb  - Linker created -
.iar.init_table$$Limit  0x2007'3eec          --   Gb  - Linker created -
.intvec$$Base           0x2007'0000          --   Gb  - Linker created -
.intvec$$Limit          0x2007'00f4          --   Gb  - Linker created -
?main                   0x2007'3e51         Code  Gb  cmain.o [4]
ADC_Handler             0x2007'0ecd   0x36  Code  Gb  main.o [1]
Aldata                  0x2007'42a0    0x8  Data  Lc  heap0.o [2]
BusFault_Handler        0x2007'2107    0x2  Code  Wk  exceptions.o [1]
CAN0_Handler            0x2007'2107    0x2  Code  Wk  exceptions.o [1]
CAN1_Handler            0x2007'2107    0x2  Code  Wk  exceptions.o [1]
CSTACK$$Base            0x2007'4328          --   Gb  - Linker created -
CSTACK$$Limit           0x2007'5328          --   Gb  - Linker created -
DACC_Handler            0x2007'2107    0x2  Code  Wk  exceptions.o [1]
DMAC_Handler            0x2007'2107    0x2  Code  Wk  exceptions.o [1]
DebugMon_Handler        0x2007'2107    0x2  Code  Wk  exceptions.o [1]
Dummy_Handler           0x2007'2107    0x2  Code  Gb  exceptions.o [1]
EFC0_Handler            0x2007'2107    0x2  Code  Wk  exceptions.o [1]
EFC1_Handler            0x2007'2107    0x2  Code  Wk  exceptions.o [1]
HEAP$$Base              0x2007'5328          --   Gb  - Linker created -
HEAP$$Limit             0x2007'7328          --   Gb  - Linker created -
HSMCI_Handler           0x2007'2107    0x2  Code  Wk  exceptions.o [1]
HardFault_Handler       0x2007'2107    0x2  Code  Wk  exceptions.o [1]
MemManage_Handler       0x2007'2107    0x2  Code  Wk  exceptions.o [1]
NMI_Handler             0x2007'2107    0x2  Code  Wk  exceptions.o [1]
NVIC_ClearPendingIRQ    0x2007'010b   0x16  Code  Lc  main.o [1]
NVIC_EnableIRQ          0x2007'00f5   0x16  Code  Lc  main.o [1]
NVIC_SetPriority        0x2007'0121   0x28  Code  Lc  main.o [1]
PIOA_Handler            0x2007'2107    0x2  Code  Wk  exceptions.o [1]
PIOB_Handler            0x2007'2107    0x2  Code  Wk  exceptions.o [1]
PIOC_Handler            0x2007'2107    0x2  Code  Wk  exceptions.o [1]
PIOD_Handler            0x2007'2107    0x2  Code  Wk  exceptions.o [1]
PMC_Handler             0x2007'2107    0x2  Code  Wk  exceptions.o [1]
PWM_Handler             0x2007'2107    0x2  Code  Wk  exceptions.o [1]
PendSV_Handler          0x2007'2107    0x2  Code  Wk  exceptions.o [1]
RSTC_Handler            0x2007'2107    0x2  Code  Wk  exceptions.o [1]
RTC_Handler             0x2007'2107    0x2  Code  Wk  exceptions.o [1]
RTT_Handler             0x2007'2107    0x2  Code  Wk  exceptions.o [1]
Read_Status_Display     0x2007'030d   0x84  Code  Gb  main.o [1]
Region$$Table$$Base     0x2007'3ec8          --   Gb  - Linker created -
Region$$Table$$Limit    0x2007'3eec          --   Gb  - Linker created -
Reset_Handler           0x2007'3e3d    0x8  Code  Gb  startup_sam3x.o [1]
SPI0_Handler            0x2007'2107    0x2  Code  Wk  exceptions.o [1]
SSC_Handler             0x2007'2107    0x2  Code  Wk  exceptions.o [1]
SUPC_Handler            0x2007'2107    0x2  Code  Wk  exceptions.o [1]
SVC_Handler             0x2007'2107    0x2  Code  Wk  exceptions.o [1]
SysTick_Config          0x2007'0149   0x36  Code  Lc  main.o [1]
SysTick_Handler         0x2007'1893   0x8c  Code  Gb  main.o [1]
SystemCoreClock         0x2007'4260    0x4  Data  Gb  system_sam3x.o [1]
SystemInit              0x2007'22d5   0x86  Code  Gb  system_sam3x.o [1]
TC0_Handler             0x2007'0e49   0x18  Code  Gb  main.o [1]
TC1_Handler             0x2007'2107    0x2  Code  Wk  exceptions.o [1]
TC2_Handler             0x2007'2107    0x2  Code  Wk  exceptions.o [1]
TC3_Handler             0x2007'2107    0x2  Code  Wk  exceptions.o [1]
TC4_Handler             0x2007'2107    0x2  Code  Wk  exceptions.o [1]
TC5_Handler             0x2007'2107    0x2  Code  Wk  exceptions.o [1]
TRNG_Handler            0x2007'2107    0x2  Code  Wk  exceptions.o [1]
TWI0_Handler            0x2007'2107    0x2  Code  Wk  exceptions.o [1]
TWI1_Handler            0x2007'2107    0x2  Code  Wk  exceptions.o [1]
UART_Handler            0x2007'2107    0x2  Code  Wk  exceptions.o [1]
UOTGHS_Handler          0x2007'2107    0x2  Code  Wk  exceptions.o [1]
USART0_Handler          0x2007'2107    0x2  Code  Wk  exceptions.o [1]
USART1_Handler          0x2007'2107    0x2  Code  Wk  exceptions.o [1]
USART2_Handler          0x2007'2107    0x2  Code  Wk  exceptions.o [1]
UsageFault_Handler      0x2007'2107    0x2  Code  Wk  exceptions.o [1]
WDT_Handler             0x2007'2107    0x2  Code  Wk  exceptions.o [1]
WeekTemprature          0x2007'42f4    0x4  Data  Gb  main.o [1]
Write_Command_2_Display
                        0x2007'0391   0xa0  Code  Gb  main.o [1]
Write_Data_2_Display    0x2007'0431   0x94  Code  Gb  main.o [1]
_LitobFullNoMb          0x2007'32c1  0x10c  Code  Lc  xprintffull_nomb.o [2]
_PrintfFullNoMb         0x2007'25a5  0xcec  Code  Gb  xprintffull_nomb.o [2]
_Prout                  0x2007'412d   0x16  Code  Gb  xprout.o [2]
_PutcharFullNoMb        0x2007'3425   0x20  Code  Lc  xprintffull_nomb.o [2]
_PutcharsFullNoMb       0x2007'3445   0x2e  Code  Lc  xprintffull_nomb.o [2]
__aeabi_cdcmple         0x2007'36bd         Code  Gb  DblCmpLe.o [3]
__aeabi_cdrcmple        0x2007'36f1         Code  Gb  DblCmpGe.o [3]
__aeabi_cfcmple         0x2007'1bd5         Code  Gb  FltCmpLe.o [3]
__aeabi_d2f             0x2007'2109         Code  Gb  DblToFlt.o [3]
__aeabi_d2iz            0x2007'3861         Code  Gb  DblToS32.o [3]
__aeabi_d2uiz           0x2007'2555         Code  Gb  DblToU32.o [3]
__aeabi_dadd            0x2007'1ea9         Code  Gb  DblAddSub.o [3]
__aeabi_ddiv            0x2007'38bd         Code  Gb  DblDiv.o [3]
__aeabi_dmul            0x2007'23a9         Code  Gb  DblMul.o [3]
__aeabi_dsub            0x2007'2025         Code  Gb  DblAddSub.o [3]
__aeabi_f2d             0x2007'1e61         Code  Gb  FltToDbl.o [3]
__aeabi_f2iz            0x2007'1bfd         Code  Gb  FltToS32.o [3]
__aeabi_fadd            0x2007'2171         Code  Gb  FltAddSub.o [3]
__aeabi_fdiv            0x2007'1d49         Code  Gb  FltDiv.o [3]
__aeabi_fmul            0x2007'1c4d         Code  Gb  FltMul.o [3]
__aeabi_i2d             0x2007'3899         Code  Gb  S32ToDbl.o [3]
__aeabi_i2f             0x2007'1d25         Code  Gb  S32ToFlt.o [3]
__aeabi_ldiv0           0x2007'3d3d         Code  Gb  I64DivZer.o [4]
__aeabi_memcpy          0x2007'35a5         Code  Gb  ABImemcpy.o [4]
__aeabi_memcpy4         0x2007'35c5         Code  Gb  ABImemcpy.o [4]
__aeabi_memcpy8         0x2007'35c5         Code  Gb  ABImemcpy.o [4]
__aeabi_ui2d            0x2007'238d         Code  Gb  U32ToDbl.o [3]
__aeabi_uldivmod        0x2007'3b05         Code  Gb  I64DivMod.o [4]
__basic_free            0x2007'1b1d   0x16  Code  Gb  heap0.o [2]
__basic_free_intern     0x2007'1b33   0x74  Code  Lc  heap0.o [2]
__basic_malloc          0x2007'1a71   0x18  Code  Gb  heap0.o [2]
__basic_malloc_intern   0x2007'1a89   0x94  Code  Lc  heap0.o [2]
__cmain                 0x2007'3e51         Code  Gb  cmain.o [4]
__data_GetMemChunk      0x2007'2579   0x2c  Code  Gb  xgetmemchunk.o [2]
__data_GetMemChunk::start
                        0x2007'4320    0x4  Data  Lc  xgetmemchunk.o [2]
__dwrite                0x2007'3f5d   0x1e  Code  Gb  dwrite.o [5]
__exit                  0x2007'3d41   0x14  Code  Gb  exit.o [5]
__iar_Fail_s            0x2007'34d5   0x1c  Code  Gb  xfail_s.o [2]
__iar_Memchr            0x2007'354d         Code  Gb  memchr.o [4]
__iar_Strchr            0x2007'34bd         Code  Gb  strchr.o [4]
__iar_close_ttio        0x2007'3d55   0x2c  Code  Gb  iarttio.o [5]
__iar_copy_init3        0x2007'1c23   0x2a  Code  Gb  copy_init3.o [4]
__iar_data_init3        0x2007'3e71   0x28  Code  Gb  data_init.o [4]
__iar_frexp             0x2007'3659         Code  Gb  frexp.o [3]
__iar_frexp64           0x2007'364d         Code  Gb  frexp.o [3]
__iar_frexpl            0x2007'3659         Code  Gb  frexp.o [3]
__iar_get_ttio          0x2007'3d81   0x4c  Code  Gb  iarttio.o [5]
__iar_ldexp64           0x2007'3725         Code  Gb  ldexp.o [3]
__iar_lookup_ttioh      0x2007'3dd1    0x8  Code  Gb  XShttio.o [2]
__iar_program_start     0x2007'3e45         Code  Gb  cstartup.o [1]
__iar_scalbln64         0x2007'3725         Code  Gb  ldexp.o [3]
__iar_scalbn64          0x2007'3725         Code  Gb  ldexp.o [3]
__iar_sh_stdout         0x2007'3f7b   0x20  Code  Gb  iarwstd.o [5]
__iar_sh_write          0x2007'3ea7   0x22  Code  Gb  iarwrite.o [5]
__iar_ttio_handles      0x2007'4238    0x8  Data  Lc  XShttio.o [2]
__iar_zero_init3        0x2007'3dd9   0x38  Code  Gb  zero_init3.o [4]
__low_level_init        0x2007'3e11   0x24  Code  Gb  startup_sam3x.o [1]
__vector_table          0x2007'0000   0xf4  Data  Gb  startup_sam3x.o [1]
__write                 0x2007'3f4d   0x10  Code  Gb  write.o [5]
_call_main              0x2007'3e5d         Code  Gb  cmain.o [4]
_exit                   0x2007'3e9d         Code  Gb  cexit.o [4]
abort                   0x2007'3d35    0x6  Code  Gb  abort.o [2]
avg                     0x2007'42e0    0x4  Data  Gb  main.o [1]
bus                     0x2007'4258    0x4  Data  Gb  main.o [1]
buttonUp                0x2007'0c0f   0x42  Code  Gb  main.o [1]
calcDate                0x2007'105f  0x10c  Code  Gb  main.o [1]
calcTemp                0x2007'0e61   0x46  Code  Gb  main.o [1]
calcTime                0x2007'1351   0x14  Code  Gb  main.o [1]
checkLeap               0x2007'1023   0x3c  Code  Gb  main.o [1]
checkTemp               0x2007'42c8    0x4  Data  Gb  main.o [1]
clearBack               0x2007'07b1   0x10  Code  Gb  main.o [1]
clearDisplay            0x2007'0643   0x2e  Code  Gb  main.o [1]
dateFlag                0x2007'42d0    0x4  Data  Gb  main.o [1]
dateSet                 0x2007'4290    0x8  Data  Gb  main.o [1]
day                     0x2007'4310    0x4  Data  Gb  main.o [1]
delay                   0x2007'0181    0xe  Code  Gb  main.o [1]
dispGraphics            0x2007'04c5   0x6e  Code  Gb  main.o [1]
exit                    0x2007'3e99    0x4  Code  Gb  exit.o [2]
flag                    0x2007'42cc    0x4  Data  Gb  main.o [1]
flag1                   0x2007'4308    0x4  Data  Gb  main.o [1]
flag2                   0x2007'430c    0x4  Data  Gb  main.o [1]
flagTime                0x2007'42b8    0x4  Data  Gb  main.o [1]
free                    0x2007'1a6d    0x4  Code  Gb  heaptramp0.o [2]
freeMemory              0x2007'01b7   0x18  Code  Gb  main.o [1]
frexp                   0x2007'364d         Code  Gb  frexp.o [3]
frexpl                  0x2007'364d         Code  Gb  frexp.o [3]
id                      0x2007'42a8    0x4  Data  Gb  main.o [1]
initDisplay             0x2007'0533  0x110  Code  Gb  main.o [1]
initEverything          0x2007'198b   0x3e  Code  Gb  main.o [1]
initKeypad              0x2007'0a13   0xae  Code  Gb  main.o [1]
initTemprature          0x2007'0cc5   0x64  Code  Gb  main.o [1]
insertLast              0x2007'018f   0x28  Code  Gb  main.o [1]
isPressed               0x2007'4300    0x4  Data  Gb  main.o [1]
keyStatus               0x2007'42ac    0x4  Data  Gb  main.o [1]
keypad                  0x2007'0ae9  0x126  Code  Gb  main.o [1]
ldexp                   0x2007'3725         Code  Gb  ldexp.o [3]
ldexpl                  0x2007'3725         Code  Gb  ldexp.o [3]
listTemprature          0x2007'42f0    0x4  Data  Gb  main.o [1]
main                    0x2007'1929   0x62  Code  Gb  main.o [1]
maxStamp                0x2007'42ec    0x4  Data  Gb  main.o [1]
maxTemp                 0x2007'42e4    0x4  Data  Gb  main.o [1]
maxTempFlag             0x2007'4250    0x4  Data  Gb  main.o [1]
measureFlag             0x2007'4244    0x4  Data  Gb  main.o [1]
measureFunc             0x2007'1641   0x40  Code  Gb  main.o [1]
memchr                  0x2007'354d         Code  Gb  memchr.o [4]
minStamp                0x2007'42e8    0x4  Data  Gb  main.o [1]
minTemp                 0x2007'4248    0x4  Data  Gb  main.o [1]
minTempFlag             0x2007'424c    0x4  Data  Gb  main.o [1]
month                   0x2007'4314    0x4  Data  Gb  main.o [1]
oldMinute               0x2007'431c    0x4  Data  Gb  main.o [1]
posDay                  0x2007'42b4    0x4  Data  Gb  main.o [1]
printBack               0x2007'07a1   0x10  Code  Gb  main.o [1]
printChar               0x2007'0689   0x12  Code  Gb  main.o [1]
printData               0x2007'07c1   0xa6  Code  Gb  main.o [1]
printDataFlag           0x2007'42b0    0x4  Data  Gb  main.o [1]
printDate               0x2007'1179   0xe8  Code  Gb  main.o [1]
printDateMenu           0x2007'0755   0x20  Code  Gb  main.o [1]
printKey                0x2007'090d  0x106  Code  Gb  main.o [1]
printOldData            0x2007'0867   0xa6  Code  Gb  main.o [1]
printPos                0x2007'06c1   0x24  Code  Gb  main.o [1]
printPosChar            0x2007'069b   0x26  Code  Gb  main.o [1]
printStartMenu          0x2007'06e5   0x50  Code  Gb  main.o [1]
printString             0x2007'0671   0x18  Code  Gb  main.o [1]
printTempMenu           0x2007'0775   0x2c  Code  Gb  main.o [1]
printTemprature         0x2007'0d7d   0x72  Code  Gb  main.o [1]
printTime               0x2007'1379  0x100  Code  Gb  main.o [1]
printTimeMenu           0x2007'0735   0x20  Code  Gb  main.o [1]
printf                  0x2007'1bad   0x28  Code  Gb  printf.o [2]
putchar                 0x2007'3f2d   0x20  Code  Gb  putchar.o [2]
readInput               0x2007'0f19   0x6a  Code  Gb  main.o [1]
readSensor              0x2007'01cf   0x98  Code  Gb  main.o [1]
readTime                0x2007'1301   0x4c  Code  Gb  main.o [1]
readyDate               0x2007'4240    0x4  Data  Gb  main.o [1]
reset                   0x2007'02c1   0x24  Code  Gb  main.o [1]
resetDel                0x2007'42f8    0x4  Data  Gb  main.o [1]
resetTemprature         0x2007'0d35   0x32  Code  Gb  main.o [1]
saveDay                 0x2007'0267   0x5a  Code  Gb  main.o [1]
scalbln                 0x2007'3725         Code  Gb  ldexp.o [3]
scalblnl                0x2007'3725         Code  Gb  ldexp.o [3]
scalbn                  0x2007'3725         Code  Gb  ldexp.o [3]
scalbnl                 0x2007'3725         Code  Gb  ldexp.o [3]
scale                   0x2007'33cd   0x46  Code  Lc  xprintffull_nomb.o [2]
sec                     0x2007'42d4    0x4  Data  Gb  main.o [1]
sec_hand                0x2007'4324    0x4  Data  Lc  xfail_s.o [2]
size                    0x2007'42bc    0x4  Data  Gb  main.o [1]
startData               0x2007'16a1   0xee  Code  Gb  main.o [1]
startDate               0x2007'1509   0x54  Code  Gb  main.o [1]
startMeasure            0x2007'15c5   0x6a  Code  Gb  main.o [1]
startRow                0x2007'425c    0x4  Data  Gb  main.o [1]
startTime               0x2007'1561   0x58  Code  Gb  main.o [1]
strchr                  0x2007'34bd         Code  Gb  strchr.o [4]
strlen                  0x2007'3515         Code  Gb  strlen.o [4]
tFlag1                  0x2007'42fc    0x4  Data  Gb  main.o [1]
tFlag2                  0x2007'4254    0x4  Data  Gb  main.o [1]
tempMeasure             0x2007'0dfd   0x4c  Code  Gb  main.o [1]
temprature              0x2007'42d8    0x4  Data  Gb  main.o [1]
timeSet                 0x2007'4298    0x8  Data  Gb  main.o [1]
timeStatus              0x2007'42c4    0x4  Data  Gb  main.o [1]
tmpKey                  0x2007'4304    0x4  Data  Gb  main.o [1]
totTemp                 0x2007'42dc    0x4  Data  Gb  main.o [1]
validateDate            0x2007'0fb9   0x6a  Code  Gb  main.o [1]
validateTime            0x2007'1365   0x14  Code  Gb  main.o [1]
wait                    0x2007'0ac1   0x1a  Code  Gb  main.o [1]
waitForBack             0x2007'187d   0x16  Code  Gb  main.o [1]
waitForDate             0x2007'126d   0x8e  Code  Gb  main.o [1]
waitForTime             0x2007'147d   0x88  Code  Gb  main.o [1]
weekInsertLast          0x2007'02e5   0x28  Code  Gb  main.o [1]
weekPosition            0x2007'17a1   0xcc  Code  Gb  main.o [1]
weekSize                0x2007'42c0    0x4  Data  Gb  main.o [1]
writeTempWhenReady      0x2007'0c71   0x46  Code  Gb  main.o [1]
year                    0x2007'4318    0x4  Data  Gb  main.o [1]


[1] = C:\Users\Axelsson\Desktop\ProjectGr19\Debug\Obj
[2] = dl7M_tln.a
[3] = m7M_tl.a
[4] = rt7M_tl.a
[5] = shb_l.a

  15'960 bytes of readonly  code memory
   1'036 bytes of readonly  data memory
  12'484 bytes of readwrite data memory

Errors: none
Warnings: none
