###############################################################################
#
# IAR ELF Linker V9.10.1.308/W64 for ARM                  10/Dec/2021  16:17:55
# Copyright 2007-2021 IAR Systems AB.
#
#    Output file  =
#        C:\Users\Axelsson\Desktop\ProjectGr19\Debug\Exe\ProjectGr19.out
#    Map file     =
#        C:\Users\Axelsson\Desktop\ProjectGr19\Debug\List\ProjectGr19.map
#    Command line =
#        -f C:\Users\Axelsson\Desktop\ProjectGr19\Debug\Exe\ProjectGr19.out.rsp
#        (C:\Users\Axelsson\Desktop\ProjectGr19\Debug\Obj\commonFuncs.o
#        C:\Users\Axelsson\Desktop\ProjectGr19\Debug\Obj\cstartup.o
#        C:\Users\Axelsson\Desktop\ProjectGr19\Debug\Obj\exceptions.o
#        C:\Users\Axelsson\Desktop\ProjectGr19\Debug\Obj\main.o
#        C:\Users\Axelsson\Desktop\ProjectGr19\Debug\Obj\startup_sam3x.o
#        C:\Users\Axelsson\Desktop\ProjectGr19\Debug\Obj\system_sam3x.o
#        --no_out_extension -o
#        C:\Users\Axelsson\Desktop\ProjectGr19\Debug\Exe\ProjectGr19.out
#        --redirect _Printf=_PrintfFullNoMb --redirect _Scanf=_ScanfFullNoMb
#        --map C:\Users\Axelsson\Desktop\ProjectGr19\Debug\List\ProjectGr19.map
#        --config "C:\Program Files\IAR Systems\Embedded Workbench
#        9.0\arm\config\linker\Microchip\sam3x8\sram.icf" --semihosting --entry
#        __iar_program_start --vfe --text_out locale)
#
###############################################################################

*******************************************************************************
*** RUNTIME MODEL ATTRIBUTES
***

CppFlavor       = *
__Heap_Handler  = Basic
__SystemLibrary = DLib
__dlib_version  = 6


*******************************************************************************
*** HEAP SELECTION
***

The basic heap was selected because some modules are built with
size limitations (and not runtime checking), and --advanced_heap
was not specified.


*******************************************************************************
*** PLACEMENT SUMMARY
***

"A0":  place at address 0x2007'0000 { ro section .intvec };
"P1":  place in [from 0x2007'0000 to 0x2008'7fff] { ro };
define block CSTACK with size = 4K, alignment = 8 { };
define block HEAP with size = 8K, alignment = 8 { };
"P2":  place in [from 0x2007'0000 to 0x2008'7fff] {
          rw, block CSTACK, block HEAP };
initialize by copy with packing = copy, complex ranges { rw };

  Section            Kind         Address    Size  Object
  -------            ----         -------    ----  ------
"A0":                                        0xf4
  .intvec                     0x2007'0000    0xf4  <Block>
    .intvec          const    0x2007'0000    0xf4  startup_sam3x.o [1]
                            - 0x2007'00f4    0xf4

"P1-P2", part 1 of 3:                      0x4234
  .text              ro code  0x2007'00f4  0x1a30  main.o [1]
  .text              ro code  0x2007'1b24     0x4  heaptramp0.o [2]
  .text              ro code  0x2007'1b28   0x13c  heap0.o [2]
  .text              ro code  0x2007'1c64    0x28  printf.o [2]
  .text              ro code  0x2007'1c8c    0x28  FltCmpLe.o [3]
  .text              ro code  0x2007'1cb4    0x26  FltToS32.o [3]
  .text              ro code  0x2007'1cda    0x2a  copy_init3.o [4]
  .text              ro code  0x2007'1d04    0xd8  FltMul.o [3]
  .text              ro code  0x2007'1ddc    0x24  S32ToFlt.o [3]
  .text              ro code  0x2007'1e00   0x118  FltDiv.o [3]
  .text              ro code  0x2007'1f18    0x48  FltToDbl.o [3]
  .text              ro code  0x2007'1f60   0x25e  DblAddSub.o [3]
  .text              ro code  0x2007'21be     0x2  exceptions.o [1]
  .text              ro code  0x2007'21c0    0x68  DblToFlt.o [3]
  .text              ro code  0x2007'2228   0x162  FltAddSub.o [3]
  .text              ro code  0x2007'238c    0xb8  system_sam3x.o [1]
  .text              ro code  0x2007'2444    0x1c  U32ToDbl.o [3]
  .text              ro code  0x2007'2460   0x1aa  DblMul.o [3]
  .text              ro code  0x2007'260c    0x22  DblToU32.o [3]
  .text              ro code  0x2007'2630    0x2c  xgetmemchunk.o [2]
  .text              ro code  0x2007'265c   0xf16  xprintffull_nomb.o [2]
  .text              ro code  0x2007'3574    0x16  strchr.o [4]
  .text              ro code  0x2007'358c    0x40  xfail_s.o [2]
  .text              ro code  0x2007'35cc    0x36  strlen.o [4]
  .text              ro code  0x2007'3604    0x58  memchr.o [4]
  .text              ro code  0x2007'365c    0xa6  ABImemcpy.o [4]
  .text              ro code  0x2007'3704    0x70  frexp.o [3]
  .text              ro code  0x2007'3774    0x34  DblCmpLe.o [3]
  .text              ro code  0x2007'37a8    0x34  DblCmpGe.o [3]
  .text              ro code  0x2007'37dc   0x13a  ldexp.o [3]
  .text              ro code  0x2007'3918    0x36  DblToS32.o [3]
  .text              ro code  0x2007'3950    0x22  S32ToDbl.o [3]
  .text              ro code  0x2007'3974   0x246  DblDiv.o [3]
  .text              ro code  0x2007'3bbc   0x230  I64DivMod.o [4]
  .text              ro code  0x2007'3dec     0x6  abort.o [2]
  .text              ro code  0x2007'3df4     0x2  I64DivZer.o [4]
  .text              ro code  0x2007'3df8    0x14  exit.o [5]
  .text              ro code  0x2007'3e0c    0x7c  iarttio.o [5]
  .text              ro code  0x2007'3e88     0x8  XShttio.o [2]
  .text              ro code  0x2007'3e90    0x38  zero_init3.o [4]
  .text              ro code  0x2007'3ec8    0x34  startup_sam3x.o [1]
  .text              ro code  0x2007'3efc     0xc  cstartup.o [1]
  .text              ro code  0x2007'3f08    0x1e  cmain.o [4]
  .text              ro code  0x2007'3f28    0x28  data_init.o [4]
  .text              ro code  0x2007'3f50     0x4  exit.o [2]
  .text              ro code  0x2007'3f54     0xa  cexit.o [4]
  .rodata            const    0x2007'3f60    0x30  main.o [1]
  .text              ro code  0x2007'3f90    0x22  iarwrite.o [5]
  .iar.init_table    const    0x2007'3fb4    0x24  - Linker created -
  .rodata            const    0x2007'3fd8    0x20  main.o [1]
  .text              ro code  0x2007'3ff8    0x20  putchar.o [2]
  .text              ro code  0x2007'4018    0x10  write.o [5]
  .text              ro code  0x2007'4028    0x1e  dwrite.o [5]
  .text              ro code  0x2007'4046    0x20  iarwstd.o [5]
  .rodata            const    0x2007'4068    0x1c  main.o [1]
  .rodata            const    0x2007'4084    0x1c  main.o [1]
  .rodata            const    0x2007'40a0    0x1c  main.o [1]
  .rodata            const    0x2007'40bc    0x1c  main.o [1]
  .rodata            const    0x2007'40d8    0x1c  main.o [1]
  .rodata            const    0x2007'40f4    0x1c  main.o [1]
  .rodata            const    0x2007'4110    0x1c  main.o [1]
  .rodata            const    0x2007'412c    0x1c  main.o [1]
  .rodata            const    0x2007'4148    0x1c  main.o [1]
  .rodata            const    0x2007'4164    0x1c  main.o [1]
  .rodata            const    0x2007'4180    0x18  main.o [1]
  .rodata            const    0x2007'4198    0x18  main.o [1]
  .rodata            const    0x2007'41b0    0x18  main.o [1]
  .rodata            const    0x2007'41c8    0x18  main.o [1]
  .text              ro code  0x2007'41e0    0x16  xprout.o [2]
  .rodata            const    0x2007'41f8    0x14  main.o [1]
  .rodata            const    0x2007'420c    0x14  main.o [1]
  .rodata            const    0x2007'4220    0x14  main.o [1]
  .rodata            const    0x2007'4234    0x14  main.o [1]
  .rodata            const    0x2007'4248    0x14  main.o [1]
  .rodata            const    0x2007'425c    0x10  main.o [1]
  .rodata            const    0x2007'426c    0x10  main.o [1]
  .rodata            const    0x2007'427c    0x10  main.o [1]
  .rodata            const    0x2007'428c    0x10  main.o [1]
  .rodata            const    0x2007'429c     0xc  main.o [1]
  .rodata            const    0x2007'42a8     0xc  main.o [1]
  .rodata            const    0x2007'42b4     0xc  main.o [1]
  .rodata            const    0x2007'42c0     0x8  main.o [1]
  .rodata            const    0x2007'42c8     0x8  main.o [1]
  .rodata            const    0x2007'42d0     0x0  zero_init3.o [4]
  .rodata            const    0x2007'42d0     0x0  copy_init3.o [4]
  P1-P2 s0                    0x2007'42d0    0x2c  <Init block>
    .data            inited   0x2007'42d0     0x8  XShttio.o [2]
    .data            inited   0x2007'42d8     0x4  main.o [1]
    .data            inited   0x2007'42dc     0x4  main.o [1]
    .data            inited   0x2007'42e0     0x4  main.o [1]
    .data            inited   0x2007'42e4     0x4  main.o [1]
    .data            inited   0x2007'42e8     0x4  main.o [1]
    .data            inited   0x2007'42ec     0x4  main.o [1]
    .data            inited   0x2007'42f0     0x4  main.o [1]
    .data            inited   0x2007'42f4     0x4  main.o [1]
    .data            inited   0x2007'42f8     0x4  system_sam3x.o [1]
  Initializer bytes  const    0x2007'42fc    0x2c  <for P1-P2 s0>
                            - 0x2007'4328  0x4234

"P1-P2", part 2 of 3:                        0xa0
  .bss               zero     0x2007'4328     0x8  main.o [1]
  .bss               zero     0x2007'4330     0x8  main.o [1]
  .bss               zero     0x2007'4338     0x8  heap0.o [2]
  .bss               zero     0x2007'4340     0x4  main.o [1]
  .bss               zero     0x2007'4344     0x4  main.o [1]
  .bss               zero     0x2007'4348     0x4  main.o [1]
  .bss               zero     0x2007'434c     0x4  main.o [1]
  .bss               zero     0x2007'4350     0x4  main.o [1]
  .bss               zero     0x2007'4354     0x4  main.o [1]
  .bss               zero     0x2007'4358     0x4  main.o [1]
  .bss               zero     0x2007'435c     0x4  main.o [1]
  .bss               zero     0x2007'4360     0x4  main.o [1]
  .bss               zero     0x2007'4364     0x4  main.o [1]
  .bss               zero     0x2007'4368     0x4  main.o [1]
  .bss               zero     0x2007'436c     0x4  main.o [1]
  .bss               zero     0x2007'4370     0x4  main.o [1]
  .bss               zero     0x2007'4374     0x4  main.o [1]
  .bss               zero     0x2007'4378     0x4  main.o [1]
  .bss               zero     0x2007'437c     0x4  main.o [1]
  .bss               zero     0x2007'4380     0x4  main.o [1]
  .bss               zero     0x2007'4384     0x4  main.o [1]
  .bss               zero     0x2007'4388     0x4  main.o [1]
  .bss               zero     0x2007'438c     0x4  main.o [1]
  .bss               zero     0x2007'4390     0x4  main.o [1]
  .bss               zero     0x2007'4394     0x4  main.o [1]
  .bss               zero     0x2007'4398     0x4  main.o [1]
  .bss               zero     0x2007'439c     0x4  main.o [1]
  .bss               zero     0x2007'43a0     0x4  main.o [1]
  .bss               zero     0x2007'43a4     0x4  main.o [1]
  .bss               zero     0x2007'43a8     0x4  main.o [1]
  .bss               zero     0x2007'43ac     0x4  main.o [1]
  .bss               zero     0x2007'43b0     0x4  main.o [1]
  .bss               zero     0x2007'43b4     0x4  main.o [1]
  .bss               zero     0x2007'43b8     0x4  main.o [1]
  .bss               zero     0x2007'43bc     0x4  main.o [1]
  .bss               zero     0x2007'43c0     0x4  xgetmemchunk.o [2]
  .bss               zero     0x2007'43c4     0x4  xfail_s.o [2]
                            - 0x2007'43c8    0xa0

"P1-P2", part 3 of 3:                      0x3000
  CSTACK                      0x2007'43c8  0x1000  <Block>
    CSTACK           uninit   0x2007'43c8  0x1000  <Block tail>
  HEAP                        0x2007'53c8  0x2000  <Block>
    HEAP             uninit   0x2007'53c8  0x2000  <Block tail>
                            - 0x2007'73c8  0x3000

Unused ranges:

         From           To      Size
         ----           --      ----
  0x2007'73c8  0x2008'7fff  0x1'0c38


*******************************************************************************
*** INIT TABLE
***

          Address      Size
          -------      ----
Zero (__iar_zero_init3)
    1 destination range, total size 0xa0:
          0x2007'4328  0xa0

Copy (__iar_copy_init3)
    1 source range, total size 0x2c:
          0x2007'42fc  0x2c
    1 destination range, total size 0x2c:
          0x2007'42d0  0x2c



*******************************************************************************
*** MODULE SUMMARY
***

    Module              ro code  ro data  rw data
    ------              -------  -------  -------
command line/config:
    ---------------------------------------------
    Total:

C:\Users\Axelsson\Desktop\ProjectGr19\Debug\Obj: [1]
    cstartup.o               12
    exceptions.o              2
    main.o                6'704      704      176
    startup_sam3x.o          52      244
    system_sam3x.o          184        4        4
    ---------------------------------------------
    Total:                6'954      952      180

dl7M_tln.a: [2]
    XShttio.o                 8        8        8
    abort.o                   6
    exit.o                    4
    heap0.o                 316                 8
    heaptramp0.o              4
    printf.o                 40
    putchar.o                32
    xfail_s.o                64                 4
    xgetmemchunk.o           44                 4
    xprintffull_nomb.o    3'862
    xprout.o                 22
    ---------------------------------------------
    Total:                4'402        8       24

m7M_tl.a: [3]
    DblAddSub.o             606
    DblCmpGe.o               52
    DblCmpLe.o               52
    DblDiv.o                582
    DblMul.o                426
    DblToFlt.o              104
    DblToS32.o               54
    DblToU32.o               34
    FltAddSub.o             354
    FltCmpLe.o               40
    FltDiv.o                280
    FltMul.o                216
    FltToDbl.o               72
    FltToS32.o               38
    S32ToDbl.o               34
    S32ToFlt.o               36
    U32ToDbl.o               28
    frexp.o                 112
    ldexp.o                 314
    ---------------------------------------------
    Total:                3'434

rt7M_tl.a: [4]
    ABImemcpy.o             166
    I64DivMod.o             560
    I64DivZer.o               2
    cexit.o                  10
    cmain.o                  30
    copy_init3.o             42
    data_init.o              40
    memchr.o                 88
    strchr.o                 22
    strlen.o                 54
    zero_init3.o             56
    ---------------------------------------------
    Total:                1'070

shb_l.a: [5]
    dwrite.o                 30
    exit.o                   20
    iarttio.o               124
    iarwrite.o               34
    iarwstd.o                32
    write.o                  16
    ---------------------------------------------
    Total:                  256

    Gaps                     28        8
    Linker created                    36   12'288
-------------------------------------------------
    Grand Total:         16'144    1'004   12'492


*******************************************************************************
*** ENTRY LIST
***

Entry                       Address   Size  Type      Object
-----                       -------   ----  ----      ------
.iar.init_table$$Base   0x2007'3fb4          --   Gb  - Linker created -
.iar.init_table$$Limit  0x2007'3fd8          --   Gb  - Linker created -
.intvec$$Base           0x2007'0000          --   Gb  - Linker created -
.intvec$$Limit          0x2007'00f4          --   Gb  - Linker created -
?main                   0x2007'3f09         Code  Gb  cmain.o [4]
ADC_Handler             0x2007'0ed1   0x36  Code  Gb  main.o [1]
Aldata                  0x2007'4338    0x8  Data  Lc  heap0.o [2]
BusFault_Handler        0x2007'21bf    0x2  Code  Wk  exceptions.o [1]
CAN0_Handler            0x2007'21bf    0x2  Code  Wk  exceptions.o [1]
CAN1_Handler            0x2007'21bf    0x2  Code  Wk  exceptions.o [1]
CSTACK$$Base            0x2007'43c8          --   Gb  - Linker created -
CSTACK$$Limit           0x2007'53c8          --   Gb  - Linker created -
DACC_Handler            0x2007'21bf    0x2  Code  Wk  exceptions.o [1]
DMAC_Handler            0x2007'21bf    0x2  Code  Wk  exceptions.o [1]
DebugMon_Handler        0x2007'21bf    0x2  Code  Wk  exceptions.o [1]
Dummy_Handler           0x2007'21bf    0x2  Code  Gb  exceptions.o [1]
EFC0_Handler            0x2007'21bf    0x2  Code  Wk  exceptions.o [1]
EFC1_Handler            0x2007'21bf    0x2  Code  Wk  exceptions.o [1]
HEAP$$Base              0x2007'53c8          --   Gb  - Linker created -
HEAP$$Limit             0x2007'73c8          --   Gb  - Linker created -
HSMCI_Handler           0x2007'21bf    0x2  Code  Wk  exceptions.o [1]
HardFault_Handler       0x2007'21bf    0x2  Code  Wk  exceptions.o [1]
MemManage_Handler       0x2007'21bf    0x2  Code  Wk  exceptions.o [1]
NMI_Handler             0x2007'21bf    0x2  Code  Wk  exceptions.o [1]
NVIC_ClearPendingIRQ    0x2007'010b   0x16  Code  Lc  main.o [1]
NVIC_EnableIRQ          0x2007'00f5   0x16  Code  Lc  main.o [1]
NVIC_SetPriority        0x2007'0121   0x28  Code  Lc  main.o [1]
PIOA_Handler            0x2007'21bf    0x2  Code  Wk  exceptions.o [1]
PIOB_Handler            0x2007'21bf    0x2  Code  Wk  exceptions.o [1]
PIOC_Handler            0x2007'21bf    0x2  Code  Wk  exceptions.o [1]
PIOD_Handler            0x2007'21bf    0x2  Code  Wk  exceptions.o [1]
PMC_Handler             0x2007'21bf    0x2  Code  Wk  exceptions.o [1]
PWM_Handler             0x2007'21bf    0x2  Code  Wk  exceptions.o [1]
PendSV_Handler          0x2007'21bf    0x2  Code  Wk  exceptions.o [1]
RSTC_Handler            0x2007'21bf    0x2  Code  Wk  exceptions.o [1]
RTC_Handler             0x2007'21bf    0x2  Code  Wk  exceptions.o [1]
RTT_Handler             0x2007'21bf    0x2  Code  Wk  exceptions.o [1]
Read_Status_Display     0x2007'0329   0x84  Code  Gb  main.o [1]
Region$$Table$$Base     0x2007'3fb4          --   Gb  - Linker created -
Region$$Table$$Limit    0x2007'3fd8          --   Gb  - Linker created -
Reset_Handler           0x2007'3ef5    0x8  Code  Gb  startup_sam3x.o [1]
SPI0_Handler            0x2007'21bf    0x2  Code  Wk  exceptions.o [1]
SSC_Handler             0x2007'21bf    0x2  Code  Wk  exceptions.o [1]
SUPC_Handler            0x2007'21bf    0x2  Code  Wk  exceptions.o [1]
SVC_Handler             0x2007'21bf    0x2  Code  Wk  exceptions.o [1]
SysTick_Config          0x2007'0149   0x36  Code  Lc  main.o [1]
SysTick_Handler         0x2007'190b   0x96  Code  Gb  main.o [1]
SystemCoreClock         0x2007'42f8    0x4  Data  Gb  system_sam3x.o [1]
SystemInit              0x2007'238d   0x86  Code  Gb  system_sam3x.o [1]
TC0_Handler             0x2007'0e45   0x18  Code  Gb  main.o [1]
TC1_Handler             0x2007'21bf    0x2  Code  Wk  exceptions.o [1]
TC2_Handler             0x2007'21bf    0x2  Code  Wk  exceptions.o [1]
TC3_Handler             0x2007'21bf    0x2  Code  Wk  exceptions.o [1]
TC4_Handler             0x2007'21bf    0x2  Code  Wk  exceptions.o [1]
TC5_Handler             0x2007'21bf    0x2  Code  Wk  exceptions.o [1]
TRNG_Handler            0x2007'21bf    0x2  Code  Wk  exceptions.o [1]
TWI0_Handler            0x2007'21bf    0x2  Code  Wk  exceptions.o [1]
TWI1_Handler            0x2007'21bf    0x2  Code  Wk  exceptions.o [1]
UART_Handler            0x2007'21bf    0x2  Code  Wk  exceptions.o [1]
UOTGHS_Handler          0x2007'21bf    0x2  Code  Wk  exceptions.o [1]
USART0_Handler          0x2007'21bf    0x2  Code  Wk  exceptions.o [1]
USART1_Handler          0x2007'21bf    0x2  Code  Wk  exceptions.o [1]
USART2_Handler          0x2007'21bf    0x2  Code  Wk  exceptions.o [1]
UsageFault_Handler      0x2007'21bf    0x2  Code  Wk  exceptions.o [1]
WDT_Handler             0x2007'21bf    0x2  Code  Wk  exceptions.o [1]
WeekTemprature          0x2007'43a0    0x4  Data  Gb  main.o [1]
Write_Command_2_Display
                        0x2007'03ad   0xa0  Code  Gb  main.o [1]
Write_Data_2_Display    0x2007'044d   0x94  Code  Gb  main.o [1]
_LitobFullNoMb          0x2007'3379  0x10c  Code  Lc  xprintffull_nomb.o [2]
_PrintfFullNoMb         0x2007'265d  0xcec  Code  Gb  xprintffull_nomb.o [2]
_Prout                  0x2007'41e1   0x16  Code  Gb  xprout.o [2]
_PutcharFullNoMb        0x2007'34dd   0x20  Code  Lc  xprintffull_nomb.o [2]
_PutcharsFullNoMb       0x2007'34fd   0x2e  Code  Lc  xprintffull_nomb.o [2]
__aeabi_cdcmple         0x2007'3775         Code  Gb  DblCmpLe.o [3]
__aeabi_cdrcmple        0x2007'37a9         Code  Gb  DblCmpGe.o [3]
__aeabi_cfcmple         0x2007'1c8d         Code  Gb  FltCmpLe.o [3]
__aeabi_d2f             0x2007'21c1         Code  Gb  DblToFlt.o [3]
__aeabi_d2iz            0x2007'3919         Code  Gb  DblToS32.o [3]
__aeabi_d2uiz           0x2007'260d         Code  Gb  DblToU32.o [3]
__aeabi_dadd            0x2007'1f61         Code  Gb  DblAddSub.o [3]
__aeabi_ddiv            0x2007'3975         Code  Gb  DblDiv.o [3]
__aeabi_dmul            0x2007'2461         Code  Gb  DblMul.o [3]
__aeabi_dsub            0x2007'20dd         Code  Gb  DblAddSub.o [3]
__aeabi_f2d             0x2007'1f19         Code  Gb  FltToDbl.o [3]
__aeabi_f2iz            0x2007'1cb5         Code  Gb  FltToS32.o [3]
__aeabi_fadd            0x2007'2229         Code  Gb  FltAddSub.o [3]
__aeabi_fdiv            0x2007'1e01         Code  Gb  FltDiv.o [3]
__aeabi_fmul            0x2007'1d05         Code  Gb  FltMul.o [3]
__aeabi_i2d             0x2007'3951         Code  Gb  S32ToDbl.o [3]
__aeabi_i2f             0x2007'1ddd         Code  Gb  S32ToFlt.o [3]
__aeabi_ldiv0           0x2007'3df5         Code  Gb  I64DivZer.o [4]
__aeabi_memcpy          0x2007'365d         Code  Gb  ABImemcpy.o [4]
__aeabi_memcpy4         0x2007'367d         Code  Gb  ABImemcpy.o [4]
__aeabi_memcpy8         0x2007'367d         Code  Gb  ABImemcpy.o [4]
__aeabi_ui2d            0x2007'2445         Code  Gb  U32ToDbl.o [3]
__aeabi_uldivmod        0x2007'3bbd         Code  Gb  I64DivMod.o [4]
__basic_free            0x2007'1bd5   0x16  Code  Gb  heap0.o [2]
__basic_free_intern     0x2007'1beb   0x74  Code  Lc  heap0.o [2]
__basic_malloc          0x2007'1b29   0x18  Code  Gb  heap0.o [2]
__basic_malloc_intern   0x2007'1b41   0x94  Code  Lc  heap0.o [2]
__cmain                 0x2007'3f09         Code  Gb  cmain.o [4]
__data_GetMemChunk      0x2007'2631   0x2c  Code  Gb  xgetmemchunk.o [2]
__data_GetMemChunk::start
                        0x2007'43c0    0x4  Data  Lc  xgetmemchunk.o [2]
__dwrite                0x2007'4029   0x1e  Code  Gb  dwrite.o [5]
__exit                  0x2007'3df9   0x14  Code  Gb  exit.o [5]
__iar_Fail_s            0x2007'358d   0x1c  Code  Gb  xfail_s.o [2]
__iar_Memchr            0x2007'3605         Code  Gb  memchr.o [4]
__iar_Strchr            0x2007'3575         Code  Gb  strchr.o [4]
__iar_close_ttio        0x2007'3e0d   0x2c  Code  Gb  iarttio.o [5]
__iar_copy_init3        0x2007'1cdb   0x2a  Code  Gb  copy_init3.o [4]
__iar_data_init3        0x2007'3f29   0x28  Code  Gb  data_init.o [4]
__iar_frexp             0x2007'3711         Code  Gb  frexp.o [3]
__iar_frexp64           0x2007'3705         Code  Gb  frexp.o [3]
__iar_frexpl            0x2007'3711         Code  Gb  frexp.o [3]
__iar_get_ttio          0x2007'3e39   0x4c  Code  Gb  iarttio.o [5]
__iar_ldexp64           0x2007'37dd         Code  Gb  ldexp.o [3]
__iar_lookup_ttioh      0x2007'3e89    0x8  Code  Gb  XShttio.o [2]
__iar_program_start     0x2007'3efd         Code  Gb  cstartup.o [1]
__iar_scalbln64         0x2007'37dd         Code  Gb  ldexp.o [3]
__iar_scalbn64          0x2007'37dd         Code  Gb  ldexp.o [3]
__iar_sh_stdout         0x2007'4047   0x20  Code  Gb  iarwstd.o [5]
__iar_sh_write          0x2007'3f91   0x22  Code  Gb  iarwrite.o [5]
__iar_ttio_handles      0x2007'42d0    0x8  Data  Lc  XShttio.o [2]
__iar_zero_init3        0x2007'3e91   0x38  Code  Gb  zero_init3.o [4]
__low_level_init        0x2007'3ec9   0x24  Code  Gb  startup_sam3x.o [1]
__vector_table          0x2007'0000   0xf4  Data  Gb  startup_sam3x.o [1]
__write                 0x2007'4019   0x10  Code  Gb  write.o [5]
_call_main              0x2007'3f15         Code  Gb  cmain.o [4]
_exit                   0x2007'3f55         Code  Gb  cexit.o [4]
abort                   0x2007'3ded    0x6  Code  Gb  abort.o [2]
avg                     0x2007'4388    0x4  Data  Gb  main.o [1]
bus                     0x2007'42f0    0x4  Data  Gb  main.o [1]
buttonUp                0x2007'0c09   0x42  Code  Gb  main.o [1]
calcDate                0x2007'105b  0x11e  Code  Gb  main.o [1]
calcTemp                0x2007'0e5d   0x46  Code  Gb  main.o [1]
calcTime                0x2007'133d   0x14  Code  Gb  main.o [1]
checkLeap               0x2007'101f   0x3c  Code  Gb  main.o [1]
checkTemp               0x2007'4370    0x4  Data  Gb  main.o [1]
clearBack               0x2007'07a1   0x10  Code  Gb  main.o [1]
clearDisplay            0x2007'065f   0x2e  Code  Gb  main.o [1]
clearPrev               0x2007'18d5    0xe  Code  Gb  main.o [1]
dateFlag                0x2007'4378    0x4  Data  Gb  main.o [1]
dateSet                 0x2007'4328    0x8  Data  Gb  main.o [1]
day                     0x2007'4340    0x4  Data  Gb  main.o [1]
delay                   0x2007'0181    0xe  Code  Gb  main.o [1]
dispGraphics            0x2007'04e1   0x6e  Code  Gb  main.o [1]
exit                    0x2007'3f51    0x4  Code  Gb  exit.o [2]
flag                    0x2007'4374    0x4  Data  Gb  main.o [1]
flag1                   0x2007'43b4    0x4  Data  Gb  main.o [1]
flag2                   0x2007'43b8    0x4  Data  Gb  main.o [1]
flagTime                0x2007'4360    0x4  Data  Gb  main.o [1]
free                    0x2007'1b25    0x4  Code  Gb  heaptramp0.o [2]
freeMemory              0x2007'01b7   0x18  Code  Gb  main.o [1]
frexp                   0x2007'3705         Code  Gb  frexp.o [3]
frexpl                  0x2007'3705         Code  Gb  frexp.o [3]
id                      0x2007'434c    0x4  Data  Gb  main.o [1]
initDisplay             0x2007'054f  0x110  Code  Gb  main.o [1]
initEverything          0x2007'1a39   0x3e  Code  Gb  main.o [1]
initKeypad              0x2007'09f7   0xae  Code  Gb  main.o [1]
initTemprature          0x2007'0cc5   0x64  Code  Gb  main.o [1]
insertLast              0x2007'018f   0x28  Code  Gb  main.o [1]
isPressed               0x2007'43ac    0x4  Data  Gb  main.o [1]
keyStatus               0x2007'4354    0x4  Data  Gb  main.o [1]
keypad                  0x2007'0acd  0x12a  Code  Gb  main.o [1]
ldexp                   0x2007'37dd         Code  Gb  ldexp.o [3]
ldexpl                  0x2007'37dd         Code  Gb  ldexp.o [3]
listTemprature          0x2007'439c    0x4  Data  Gb  main.o [1]
main                    0x2007'19a9   0x8a  Code  Gb  main.o [1]
maxStamp                0x2007'4394    0x4  Data  Gb  main.o [1]
maxTemp                 0x2007'438c    0x4  Data  Gb  main.o [1]
maxTempFlag             0x2007'42e8    0x4  Data  Gb  main.o [1]
measureFlag             0x2007'42dc    0x4  Data  Gb  main.o [1]
measureFunc             0x2007'1631   0x5c  Code  Gb  main.o [1]
memchr                  0x2007'3605         Code  Gb  memchr.o [4]
minStamp                0x2007'4390    0x4  Data  Gb  main.o [1]
minTemp                 0x2007'42e0    0x4  Data  Gb  main.o [1]
minTempFlag             0x2007'42e4    0x4  Data  Gb  main.o [1]
month                   0x2007'4344    0x4  Data  Gb  main.o [1]
oldMinute               0x2007'43bc    0x4  Data  Gb  main.o [1]
posDay                  0x2007'435c    0x4  Data  Gb  main.o [1]
prevPrintFlag           0x2007'4398    0x4  Data  Gb  main.o [1]
printBack               0x2007'0791   0x10  Code  Gb  main.o [1]
printChar               0x2007'06a5   0x12  Code  Gb  main.o [1]
printData               0x2007'07b1   0xbe  Code  Gb  main.o [1]
printDataFlag           0x2007'4358    0x4  Data  Gb  main.o [1]
printDate               0x2007'1185   0xc8  Code  Gb  main.o [1]
printDateMenu           0x2007'0771   0x20  Code  Gb  main.o [1]
printKey                0x2007'08f1  0x106  Code  Gb  main.o [1]
printOldData            0x2007'086f   0x82  Code  Gb  main.o [1]
printPos                0x2007'06dd   0x24  Code  Gb  main.o [1]
printPosChar            0x2007'06b7   0x26  Code  Gb  main.o [1]
printStartMenu          0x2007'0701   0x50  Code  Gb  main.o [1]
printString             0x2007'068d   0x18  Code  Gb  main.o [1]
printTemprature         0x2007'0d75   0x7c  Code  Gb  main.o [1]
printTime               0x2007'1365  0x100  Code  Gb  main.o [1]
printTimeMenu           0x2007'0751   0x20  Code  Gb  main.o [1]
printf                  0x2007'1c65   0x28  Code  Gb  printf.o [2]
putchar                 0x2007'3ff9   0x20  Code  Gb  putchar.o [2]
readInput               0x2007'0f1d   0x6a  Code  Gb  main.o [1]
readSensor              0x2007'01cf   0x98  Code  Gb  main.o [1]
readTime                0x2007'12eb   0x4c  Code  Gb  main.o [1]
readyDate               0x2007'42d8    0x4  Data  Gb  main.o [1]
reset                   0x2007'02d5   0x2c  Code  Gb  main.o [1]
resetDel                0x2007'43a4    0x4  Data  Gb  main.o [1]
resetTemprature         0x2007'0d31   0x32  Code  Gb  main.o [1]
saveDay                 0x2007'0267   0x6e  Code  Gb  main.o [1]
scalbln                 0x2007'37dd         Code  Gb  ldexp.o [3]
scalblnl                0x2007'37dd         Code  Gb  ldexp.o [3]
scalbn                  0x2007'37dd         Code  Gb  ldexp.o [3]
scalbnl                 0x2007'37dd         Code  Gb  ldexp.o [3]
scale                   0x2007'3485   0x46  Code  Lc  xprintffull_nomb.o [2]
sec                     0x2007'437c    0x4  Data  Gb  main.o [1]
sec_hand                0x2007'43c4    0x4  Data  Lc  xfail_s.o [2]
size                    0x2007'4364    0x4  Data  Gb  main.o [1]
speedrun                0x2007'4350    0x4  Data  Gb  main.o [1]
startData               0x2007'16a9  0x118  Code  Gb  main.o [1]
startDate               0x2007'1511   0x84  Code  Gb  main.o [1]
startRow                0x2007'42f4    0x4  Data  Gb  main.o [1]
startTime               0x2007'15a5   0x70  Code  Gb  main.o [1]
strchr                  0x2007'3575         Code  Gb  strchr.o [4]
strlen                  0x2007'35cd         Code  Gb  strlen.o [4]
tFlag1                  0x2007'43a8    0x4  Data  Gb  main.o [1]
tFlag2                  0x2007'42ec    0x4  Data  Gb  main.o [1]
tempMeasure             0x2007'0df9   0x4c  Code  Gb  main.o [1]
temprature              0x2007'4380    0x4  Data  Gb  main.o [1]
timeSet                 0x2007'4330    0x8  Data  Gb  main.o [1]
timeStatus              0x2007'436c    0x4  Data  Gb  main.o [1]
tmpKey                  0x2007'43b0    0x4  Data  Gb  main.o [1]
totTemp                 0x2007'4384    0x4  Data  Gb  main.o [1]
validateDate            0x2007'0fb5   0x6a  Code  Gb  main.o [1]
validateTime            0x2007'1351   0x14  Code  Gb  main.o [1]
wait                    0x2007'0aa5   0x1a  Code  Gb  main.o [1]
waitForBack             0x2007'18f5   0x16  Code  Gb  main.o [1]
waitForDate             0x2007'1251   0x9a  Code  Gb  main.o [1]
waitForTime             0x2007'1469   0xa0  Code  Gb  main.o [1]
weekInsertLast          0x2007'0301   0x28  Code  Gb  main.o [1]
weekPosition            0x2007'17d5   0xfc  Code  Gb  main.o [1]
weekSize                0x2007'4368    0x4  Data  Gb  main.o [1]
writeTempWhenReady      0x2007'0c6d   0x46  Code  Gb  main.o [1]
year                    0x2007'4348    0x4  Data  Gb  main.o [1]


[1] = C:\Users\Axelsson\Desktop\ProjectGr19\Debug\Obj
[2] = dl7M_tln.a
[3] = m7M_tl.a
[4] = rt7M_tl.a
[5] = shb_l.a

  16'144 bytes of readonly  code memory
   1'004 bytes of readonly  data memory
  12'492 bytes of readwrite data memory

Errors: none
Warnings: none
