###############################################################################
#
# IAR ELF Linker V9.10.1.308/W64 for ARM                  01/Dec/2021  18:22:50
# Copyright 2007-2021 IAR Systems AB.
#
#    Output file  =
#        C:\Users\Axelsson\Desktop\ProjectGr19\Debug\Exe\ProjectGr19.out
#    Map file     =
#        C:\Users\Axelsson\Desktop\ProjectGr19\Debug\List\ProjectGr19.map
#    Command line =
#        -f C:\Users\Axelsson\Desktop\ProjectGr19\Debug\Exe\ProjectGr19.out.rsp
#        (C:\Users\Axelsson\Desktop\ProjectGr19\Debug\Obj\commonFuncs.o
#        C:\Users\Axelsson\Desktop\ProjectGr19\Debug\Obj\cstartup.o
#        C:\Users\Axelsson\Desktop\ProjectGr19\Debug\Obj\exceptions.o
#        C:\Users\Axelsson\Desktop\ProjectGr19\Debug\Obj\main.o
#        C:\Users\Axelsson\Desktop\ProjectGr19\Debug\Obj\startup_sam3x.o
#        C:\Users\Axelsson\Desktop\ProjectGr19\Debug\Obj\system_sam3x.o
#        --no_out_extension -o
#        C:\Users\Axelsson\Desktop\ProjectGr19\Debug\Exe\ProjectGr19.out
#        --redirect _Printf=_PrintfFullNoMb --redirect _Scanf=_ScanfFullNoMb
#        --map C:\Users\Axelsson\Desktop\ProjectGr19\Debug\List\ProjectGr19.map
#        --config "C:\Program Files\IAR Systems\Embedded Workbench
#        9.0\arm\config\linker\Microchip\sam3x8\sram.icf" --semihosting --entry
#        __iar_program_start --vfe --text_out locale)
#
###############################################################################

*******************************************************************************
*** RUNTIME MODEL ATTRIBUTES
***

CppFlavor       = *
__SystemLibrary = DLib
__dlib_version  = 6


*******************************************************************************
*** HEAP SELECTION
***

The basic heap was selected because some modules are built with
size limitations (and not runtime checking), and --advanced_heap
was not specified.


*******************************************************************************
*** PLACEMENT SUMMARY
***

"A0":  place at address 0x2007'0000 { ro section .intvec };
"P1":  place in [from 0x2007'0000 to 0x2008'7fff] { ro };
define block CSTACK with size = 4K, alignment = 8 { };
define block HEAP with size = 8K, alignment = 8 { };
"P2":  place in [from 0x2007'0000 to 0x2008'7fff] {
          rw, block CSTACK, block HEAP };
initialize by copy with packing = copy, complex ranges { rw };

  Section            Kind         Address    Size  Object
  -------            ----         -------    ----  ------
"A0":                                        0xf4
  .intvec                     0x2007'0000    0xf4  <Block>
    .intvec          const    0x2007'0000    0xf4  startup_sam3x.o [1]
                            - 0x2007'00f4    0xf4

"P1-P2", part 1 of 2:                      0x1420
  .text              ro code  0x2007'00f4   0xe68  main.o [1]
  .text              ro code  0x2007'0f5c    0xb8  system_sam3x.o [1]
  .text              ro code  0x2007'1014    0x1c  U32ToDbl.o [3]
  .text              ro code  0x2007'1030   0x1aa  DblMul.o [3]
  .text              ro code  0x2007'11da    0x2a  copy_init3.o [4]
  .text              ro code  0x2007'1204    0x22  DblToU32.o [3]
  .text              ro code  0x2007'1226     0x2  exceptions.o [1]
  .text              ro code  0x2007'1228    0x34  startup_sam3x.o [1]
  .text              ro code  0x2007'125c     0xc  cstartup.o [1]
  .text              ro code  0x2007'1268    0x1e  cmain.o [4]
  .text              ro code  0x2007'1288    0x28  data_init.o [4]
  .text              ro code  0x2007'12b0     0x4  exit.o [2]
  .text              ro code  0x2007'12b4     0xa  cexit.o [4]
  .text              ro code  0x2007'12c0    0x14  exit.o [5]
  .iar.init_table    const    0x2007'12d4    0x14  - Linker created -
  .rodata            const    0x2007'12e8    0x1c  main.o [1]
  .rodata            const    0x2007'1304    0x1c  main.o [1]
  .rodata            const    0x2007'1320    0x1c  main.o [1]
  .rodata            const    0x2007'133c    0x1c  main.o [1]
  .rodata            const    0x2007'1358    0x1c  main.o [1]
  .rodata            const    0x2007'1374    0x1c  main.o [1]
  .rodata            const    0x2007'1390    0x1c  main.o [1]
  .rodata            const    0x2007'13ac    0x1c  main.o [1]
  .rodata            const    0x2007'13c8    0x1c  main.o [1]
  .rodata            const    0x2007'13e4    0x1c  main.o [1]
  .rodata            const    0x2007'1400    0x18  main.o [1]
  .rodata            const    0x2007'1418    0x18  main.o [1]
  .rodata            const    0x2007'1430    0x18  main.o [1]
  .rodata            const    0x2007'1448    0x18  main.o [1]
  .rodata            const    0x2007'1460     0xc  main.o [1]
  .rodata            const    0x2007'146c     0x8  main.o [1]
  .rodata            const    0x2007'1474     0x0  copy_init3.o [4]
  P1-P2 s0                    0x2007'1474    0x50  <Init block>
    .data            inited   0x2007'1474     0x4  main.o [1]
    .data            inited   0x2007'1478     0x4  main.o [1]
    .data            inited   0x2007'147c     0x4  system_sam3x.o [1]
    .bss             inited   0x2007'1480     0x4  main.o [1]
    .bss             inited   0x2007'1484     0x4  main.o [1]
    .bss             inited   0x2007'1488     0x4  main.o [1]
    .bss             inited   0x2007'148c     0x4  main.o [1]
    .bss             inited   0x2007'1490     0x4  main.o [1]
    .bss             inited   0x2007'1494     0x4  main.o [1]
    .bss             inited   0x2007'1498     0x4  main.o [1]
    .bss             inited   0x2007'149c     0x4  main.o [1]
    .bss             inited   0x2007'14a0     0x4  main.o [1]
    .bss             inited   0x2007'14a4     0x4  main.o [1]
    .bss             inited   0x2007'14a8     0x4  main.o [1]
    .bss             inited   0x2007'14ac     0x4  main.o [1]
    .bss             inited   0x2007'14b0     0x4  main.o [1]
    .bss             inited   0x2007'14b4     0x4  main.o [1]
    .bss             inited   0x2007'14b8     0x4  main.o [1]
    .bss             inited   0x2007'14bc     0x4  main.o [1]
    .bss             inited   0x2007'14c0     0x1  main.o [1]
  Initializer bytes  const    0x2007'14c4    0x50  <for P1-P2 s0>
                            - 0x2007'1514  0x1420

"P1-P2", part 2 of 2:                      0x1000
  CSTACK                      0x2007'1518  0x1000  <Block>
    CSTACK           uninit   0x2007'1518  0x1000  <Block tail>
                            - 0x2007'2518  0x1000

Unused ranges:

         From           To      Size
         ----           --      ----
  0x2007'1514  0x2007'1517       0x4
  0x2007'2518  0x2008'7fff  0x1'5ae8


*******************************************************************************
*** INIT TABLE
***

          Address      Size
          -------      ----
Copy (__iar_copy_init3)
    1 source range, total size 0x50 (103% of destination):
          0x2007'14c4  0x50
    1 destination range, total size 0x4d:
          0x2007'1474  0x4d



*******************************************************************************
*** MODULE SUMMARY
***

    Module           ro code  ro data  rw data
    ------           -------  -------  -------
command line/config:
    ------------------------------------------
    Total:

C:\Users\Axelsson\Desktop\ProjectGr19\Debug\Obj: [1]
    cstartup.o            12
    exceptions.o           2
    main.o             3'688      469       73
    startup_sam3x.o       52      244
    system_sam3x.o       184        4        4
    ------------------------------------------
    Total:             3'938      717       77

dl7M_tln.a: [2]
    exit.o                 4
    ------------------------------------------
    Total:                 4

m7M_tl.a: [3]
    DblMul.o             426
    DblToU32.o            34
    U32ToDbl.o            28
    ------------------------------------------
    Total:               488

rt7M_tl.a: [4]
    cexit.o               10
    cmain.o               30
    copy_init3.o          42
    data_init.o           40
    ------------------------------------------
    Total:               122

shb_l.a: [5]
    exit.o                20
    ------------------------------------------
    Total:                20

    Gaps                   4
    Linker created                 23    4'096
----------------------------------------------
    Grand Total:       4'576      740    4'173


*******************************************************************************
*** ENTRY LIST
***

Entry                       Address   Size  Type      Object
-----                       -------   ----  ----      ------
.iar.init_table$$Base   0x2007'12d4          --   Gb  - Linker created -
.iar.init_table$$Limit  0x2007'12e8          --   Gb  - Linker created -
.intvec$$Base           0x2007'0000          --   Gb  - Linker created -
.intvec$$Limit          0x2007'00f4          --   Gb  - Linker created -
?main                   0x2007'1269         Code  Gb  cmain.o [4]
ADC_Handler             0x2007'0ab5   0x36  Code  Gb  main.o [1]
BusFault_Handler        0x2007'1227    0x2  Code  Wk  exceptions.o [1]
CAN0_Handler            0x2007'1227    0x2  Code  Wk  exceptions.o [1]
CAN1_Handler            0x2007'1227    0x2  Code  Wk  exceptions.o [1]
CSTACK$$Base            0x2007'1518          --   Gb  - Linker created -
CSTACK$$Limit           0x2007'2518          --   Gb  - Linker created -
DACC_Handler            0x2007'1227    0x2  Code  Wk  exceptions.o [1]
DMAC_Handler            0x2007'1227    0x2  Code  Wk  exceptions.o [1]
DebugMon_Handler        0x2007'1227    0x2  Code  Wk  exceptions.o [1]
Dummy_Handler           0x2007'1227    0x2  Code  Gb  exceptions.o [1]
EFC0_Handler            0x2007'1227    0x2  Code  Wk  exceptions.o [1]
EFC1_Handler            0x2007'1227    0x2  Code  Wk  exceptions.o [1]
HSMCI_Handler           0x2007'1227    0x2  Code  Wk  exceptions.o [1]
HardFault_Handler       0x2007'1227    0x2  Code  Wk  exceptions.o [1]
MemManage_Handler       0x2007'1227    0x2  Code  Wk  exceptions.o [1]
NMI_Handler             0x2007'1227    0x2  Code  Wk  exceptions.o [1]
NVIC_ClearPendingIRQ    0x2007'010b   0x16  Code  Lc  main.o [1]
NVIC_EnableIRQ          0x2007'00f5   0x16  Code  Lc  main.o [1]
NVIC_SetPriority        0x2007'0121   0x28  Code  Lc  main.o [1]
PIOA_Handler            0x2007'1227    0x2  Code  Wk  exceptions.o [1]
PIOB_Handler            0x2007'1227    0x2  Code  Wk  exceptions.o [1]
PIOC_Handler            0x2007'1227    0x2  Code  Wk  exceptions.o [1]
PIOD_Handler            0x2007'1227    0x2  Code  Wk  exceptions.o [1]
PMC_Handler             0x2007'1227    0x2  Code  Wk  exceptions.o [1]
PWM_Handler             0x2007'1227    0x2  Code  Wk  exceptions.o [1]
PendSV_Handler          0x2007'1227    0x2  Code  Wk  exceptions.o [1]
RSTC_Handler            0x2007'1227    0x2  Code  Wk  exceptions.o [1]
RTC_Handler             0x2007'1227    0x2  Code  Wk  exceptions.o [1]
RTT_Handler             0x2007'1227    0x2  Code  Wk  exceptions.o [1]
Read_Status_Display     0x2007'018f   0x84  Code  Gb  main.o [1]
Region$$Table$$Base     0x2007'12d4          --   Gb  - Linker created -
Region$$Table$$Limit    0x2007'12e8          --   Gb  - Linker created -
Reset_Handler           0x2007'1255    0x8  Code  Gb  startup_sam3x.o [1]
SPI0_Handler            0x2007'1227    0x2  Code  Wk  exceptions.o [1]
SSC_Handler             0x2007'1227    0x2  Code  Wk  exceptions.o [1]
SUPC_Handler            0x2007'1227    0x2  Code  Wk  exceptions.o [1]
SVC_Handler             0x2007'1227    0x2  Code  Wk  exceptions.o [1]
SysTick_Config          0x2007'0149   0x36  Code  Lc  main.o [1]
SysTick_Handler         0x2007'0d89   0x86  Code  Gb  main.o [1]
SystemCoreClock         0x2007'147c    0x4  Data  Gb  system_sam3x.o [1]
SystemInit              0x2007'0f5d   0x86  Code  Gb  system_sam3x.o [1]
TC0_Handler             0x2007'0a79   0x18  Code  Gb  main.o [1]
TC1_Handler             0x2007'1227    0x2  Code  Wk  exceptions.o [1]
TC2_Handler             0x2007'1227    0x2  Code  Wk  exceptions.o [1]
TC3_Handler             0x2007'1227    0x2  Code  Wk  exceptions.o [1]
TC4_Handler             0x2007'1227    0x2  Code  Wk  exceptions.o [1]
TC5_Handler             0x2007'1227    0x2  Code  Wk  exceptions.o [1]
TRNG_Handler            0x2007'1227    0x2  Code  Wk  exceptions.o [1]
TWI0_Handler            0x2007'1227    0x2  Code  Wk  exceptions.o [1]
TWI1_Handler            0x2007'1227    0x2  Code  Wk  exceptions.o [1]
UART_Handler            0x2007'1227    0x2  Code  Wk  exceptions.o [1]
UOTGHS_Handler          0x2007'1227    0x2  Code  Wk  exceptions.o [1]
USART0_Handler          0x2007'1227    0x2  Code  Wk  exceptions.o [1]
USART1_Handler          0x2007'1227    0x2  Code  Wk  exceptions.o [1]
USART2_Handler          0x2007'1227    0x2  Code  Wk  exceptions.o [1]
UsageFault_Handler      0x2007'1227    0x2  Code  Wk  exceptions.o [1]
WDT_Handler             0x2007'1227    0x2  Code  Wk  exceptions.o [1]
Write_Command_2_Display
                        0x2007'0213   0xa0  Code  Gb  main.o [1]
Write_Data_2_Display    0x2007'02b3   0x94  Code  Gb  main.o [1]
__aeabi_d2uiz           0x2007'1205         Code  Gb  DblToU32.o [3]
__aeabi_dmul            0x2007'1031         Code  Gb  DblMul.o [3]
__aeabi_ui2d            0x2007'1015         Code  Gb  U32ToDbl.o [3]
__cmain                 0x2007'1269         Code  Gb  cmain.o [4]
__exit                  0x2007'12c1   0x14  Code  Gb  exit.o [5]
__iar_copy_init3        0x2007'11db   0x2a  Code  Gb  copy_init3.o [4]
__iar_data_init3        0x2007'1289   0x28  Code  Gb  data_init.o [4]
__iar_program_start     0x2007'125d         Code  Gb  cstartup.o [1]
__low_level_init        0x2007'1229   0x24  Code  Gb  startup_sam3x.o [1]
__vector_table          0x2007'0000   0xf4  Data  Gb  startup_sam3x.o [1]
_call_main              0x2007'1275         Code  Gb  cmain.o [4]
_exit                   0x2007'12b5         Code  Gb  cexit.o [4]
bus                     0x2007'1474    0x4  Data  Gb  main.o [1]
calcTime                0x2007'0ca5   0x14  Code  Gb  main.o [1]
checkLeap               0x2007'0bfb   0x3c  Code  Gb  main.o [1]
clearDisplay            0x2007'04c5   0x2e  Code  Gb  main.o [1]
dateFlag                0x2007'1490    0x4  Data  Gb  main.o [1]
day                     0x2007'14b0    0x4  Data  Gb  main.o [1]
delay                   0x2007'0181    0xe  Code  Gb  main.o [1]
dispGraphics            0x2007'0347   0x6e  Code  Gb  main.o [1]
exit                    0x2007'12b1    0x4  Code  Gb  exit.o [2]
flag                    0x2007'148c    0x4  Data  Gb  main.o [1]
flag1                   0x2007'14a8    0x4  Data  Gb  main.o [1]
flag2                   0x2007'14ac    0x4  Data  Gb  main.o [1]
flagTime                0x2007'1484    0x4  Data  Gb  main.o [1]
initDisplay             0x2007'03b5  0x110  Code  Gb  main.o [1]
initEverything          0x2007'0ea5   0x38  Code  Gb  main.o [1]
initKeypad              0x2007'07e3   0xae  Code  Gb  main.o [1]
initTemprature          0x2007'09e3   0x64  Code  Gb  main.o [1]
inputs                  0x2007'14c0    0x1  Data  Gb  main.o [1]
isPressed               0x2007'149c    0x4  Data  Gb  main.o [1]
keyStatus               0x2007'1480    0x4  Data  Gb  main.o [1]
keypad                  0x2007'08ab  0x138  Code  Gb  main.o [1]
main                    0x2007'0e15   0x82  Code  Gb  main.o [1]
month                   0x2007'14b4    0x4  Data  Gb  main.o [1]
printBack               0x2007'05f3   0x10  Code  Gb  main.o [1]
printChar               0x2007'050b   0x12  Code  Gb  main.o [1]
printDateMenu           0x2007'05d3   0x20  Code  Gb  main.o [1]
printKey                0x2007'0603  0x106  Code  Gb  main.o [1]
printPos                0x2007'0543   0x24  Code  Gb  main.o [1]
printPosChar            0x2007'051d   0x26  Code  Gb  main.o [1]
printStartMenu          0x2007'0567   0x4c  Code  Gb  main.o [1]
printString             0x2007'04f3   0x18  Code  Gb  main.o [1]
printTime               0x2007'0ccd   0xb6  Code  Gb  main.o [1]
printTimeMenu           0x2007'05b3   0x20  Code  Gb  main.o [1]
readInput               0x2007'0b11   0x56  Code  Gb  main.o [1]
readTime                0x2007'0c3d   0x54  Code  Gb  main.o [1]
resetDel                0x2007'1494    0x4  Data  Gb  main.o [1]
resetTemprature         0x2007'0a47   0x32  Code  Gb  main.o [1]
sec                     0x2007'14bc    0x4  Data  Gb  main.o [1]
startRow                0x2007'1478    0x4  Data  Gb  main.o [1]
tFlag1                  0x2007'1498    0x4  Data  Gb  main.o [1]
timeStatus              0x2007'1488    0x4  Data  Gb  main.o [1]
tmpKey                  0x2007'14a0    0x4  Data  Gb  main.o [1]
validateDate            0x2007'0b91   0x6a  Code  Gb  main.o [1]
validateTime            0x2007'0cb9   0x14  Code  Gb  main.o [1]
wait                    0x2007'0891   0x1a  Code  Gb  main.o [1]
waitFor6Inputs          0x2007'0709   0xda  Code  Gb  main.o [1]
whereTo                 0x2007'14a4    0x4  Data  Gb  main.o [1]
year                    0x2007'14b8    0x4  Data  Gb  main.o [1]


[1] = C:\Users\Axelsson\Desktop\ProjectGr19\Debug\Obj
[2] = dl7M_tln.a
[3] = m7M_tl.a
[4] = rt7M_tl.a
[5] = shb_l.a

  4'576 bytes of readonly  code memory
    740 bytes of readonly  data memory
  4'173 bytes of readwrite data memory

Errors: none
Warnings: none
